Archive member included because of file (symbol)

/opt/gcc-arm-none-eabi/bin/../lib/gcc/arm-none-eabi/4.8.4/../../../../arm-none-eabi/lib/armv7e-m/fpu/libstdc++_s.a(class_type_info.o)
                              CMakeFiles/STMSynth.elf.dir/src/main.cc.obj (symbol from plugin) (vtable for __cxxabiv1::__class_type_info)
/opt/gcc-arm-none-eabi/bin/../lib/gcc/arm-none-eabi/4.8.4/../../../../arm-none-eabi/lib/armv7e-m/fpu/libstdc++_s.a(pure.o)
                              CMakeFiles/STMSynth.elf.dir/src/main.cc.obj (symbol from plugin) (__cxa_pure_virtual)
/opt/gcc-arm-none-eabi/bin/../lib/gcc/arm-none-eabi/4.8.4/../../../../arm-none-eabi/lib/armv7e-m/fpu/libstdc++_s.a(si_class_type_info.o)
                              CMakeFiles/STMSynth.elf.dir/src/main.cc.obj (symbol from plugin) (vtable for __cxxabiv1::__si_class_type_info)
/opt/gcc-arm-none-eabi/bin/../lib/gcc/arm-none-eabi/4.8.4/../../../../arm-none-eabi/lib/armv7e-m/fpu/libstdc++_s.a(tinfo.o)
                              /opt/gcc-arm-none-eabi/bin/../lib/gcc/arm-none-eabi/4.8.4/../../../../arm-none-eabi/lib/armv7e-m/fpu/libstdc++_s.a(class_type_info.o) (std::type_info::~type_info())
/opt/gcc-arm-none-eabi/bin/../lib/gcc/arm-none-eabi/4.8.4/../../../../arm-none-eabi/lib/armv7e-m/fpu/libstdc++_s.a(vmi_class_type_info.o)
                              CMakeFiles/STMSynth.elf.dir/src/synthia/PulseOscillator.cc.obj (symbol from plugin) (vtable for __cxxabiv1::__vmi_class_type_info)
/opt/gcc-arm-none-eabi/bin/../lib/gcc/arm-none-eabi/4.8.4/../../../../arm-none-eabi/lib/armv7e-m/fpu/libstdc++_s.a(string-inst.o)
                              CMakeFiles/STMSynth.elf.dir/src/synthia/WavetableOscillator.cc.obj (symbol from plugin) (std::string::_Rep::_S_empty_rep_storage)
/opt/gcc-arm-none-eabi/bin/../lib/gcc/arm-none-eabi/4.8.4/../../../../arm-none-eabi/lib/armv7e-m/fpu/libstdc++_s.a(eh_terminate.o)
                              /opt/gcc-arm-none-eabi/bin/../lib/gcc/arm-none-eabi/4.8.4/../../../../arm-none-eabi/lib/armv7e-m/fpu/libstdc++_s.a(pure.o) (std::terminate())
/opt/gcc-arm-none-eabi/bin/../lib/gcc/arm-none-eabi/4.8.4/../../../../arm-none-eabi/lib/armv7e-m/fpu/libstdc++_s.a(eh_unex_handler.o)
                              /opt/gcc-arm-none-eabi/bin/../lib/gcc/arm-none-eabi/4.8.4/../../../../arm-none-eabi/lib/armv7e-m/fpu/libstdc++_s.a(eh_terminate.o) (__cxxabiv1::__unexpected_handler)
/opt/gcc-arm-none-eabi/bin/../lib/gcc/arm-none-eabi/4.8.4/../../../../arm-none-eabi/lib/armv7e-m/fpu/libstdc++_s.a(functexcept.o)
                              /opt/gcc-arm-none-eabi/bin/../lib/gcc/arm-none-eabi/4.8.4/../../../../arm-none-eabi/lib/armv7e-m/fpu/libstdc++_s.a(string-inst.o) (std::__throw_logic_error(char const*))
/opt/gcc-arm-none-eabi/bin/../lib/gcc/arm-none-eabi/4.8.4/../../../../arm-none-eabi/lib/armv7e-m/fpu/libstdc++_s.a(eh_term_handler.o)
                              /opt/gcc-arm-none-eabi/bin/../lib/gcc/arm-none-eabi/4.8.4/../../../../arm-none-eabi/lib/armv7e-m/fpu/libstdc++_s.a(eh_terminate.o) (__cxxabiv1::__terminate_handler)
/opt/gcc-arm-none-eabi/bin/../lib/gcc/arm-none-eabi/4.8.4/../../../../arm-none-eabi/lib/armv7e-m/fpu/libstdc++_s.a(vterminate.o)
                              /opt/gcc-arm-none-eabi/bin/../lib/gcc/arm-none-eabi/4.8.4/../../../../arm-none-eabi/lib/armv7e-m/fpu/libstdc++_s.a(eh_term_handler.o) (__gnu_cxx::__verbose_terminate_handler())
/opt/gcc-arm-none-eabi/bin/../lib/gcc/arm-none-eabi/4.8.4/../../../../arm-none-eabi/lib/armv7e-m/fpu/libstdc++_s.a(cp-demangle.o)
                              /opt/gcc-arm-none-eabi/bin/../lib/gcc/arm-none-eabi/4.8.4/../../../../arm-none-eabi/lib/armv7e-m/fpu/libstdc++_s.a(vterminate.o) (__cxa_demangle)
/opt/gcc-arm-none-eabi/bin/../lib/gcc/arm-none-eabi/4.8.4/../../../../arm-none-eabi/lib/armv7e-m/fpu/libstdc++_s.a(eh_type.o)
                              /opt/gcc-arm-none-eabi/bin/../lib/gcc/arm-none-eabi/4.8.4/../../../../arm-none-eabi/lib/armv7e-m/fpu/libstdc++_s.a(vterminate.o) (__cxa_current_exception_type)
/opt/gcc-arm-none-eabi/bin/../lib/gcc/arm-none-eabi/4.8.4/../../../../arm-none-eabi/lib/armv7e-m/fpu/libstdc++_s.a(eh_globals.o)
                              /opt/gcc-arm-none-eabi/bin/../lib/gcc/arm-none-eabi/4.8.4/../../../../arm-none-eabi/lib/armv7e-m/fpu/libstdc++_s.a(eh_type.o) (__cxa_get_globals)
/opt/gcc-arm-none-eabi/bin/../lib/gcc/arm-none-eabi/4.8.4/../../../../arm-none-eabi/lib/armv7e-m/fpu/libc_s.a(lib_a-abort.o)
                              /opt/gcc-arm-none-eabi/bin/../lib/gcc/arm-none-eabi/4.8.4/../../../../arm-none-eabi/lib/armv7e-m/fpu/libstdc++_s.a(eh_terminate.o) (abort)
/opt/gcc-arm-none-eabi/bin/../lib/gcc/arm-none-eabi/4.8.4/../../../../arm-none-eabi/lib/armv7e-m/fpu/libc_s.a(lib_a-exit.o)
                              /opt/gcc-arm-none-eabi/bin/../lib/gcc/arm-none-eabi/4.8.4/../../../../arm-none-eabi/lib/armv7e-m/fpu/crt0.o (exit)
/opt/gcc-arm-none-eabi/bin/../lib/gcc/arm-none-eabi/4.8.4/../../../../arm-none-eabi/lib/armv7e-m/fpu/libc_s.a(lib_a-fputs.o)
[...]
Memory Configuration

Name             Origin             Length             Attributes
FLASH            0x0000000008000000 0x0000000000100000 xr
RAM              0x0000000020000000 0x0000000000020000 xrw
CCMRAM           0x0000000010000000 0x0000000000010000 rw
*default*        0x0000000000000000 0xffffffffffffffff

Linker script and memory map

LOAD /opt/gcc-arm-none-eabi/bin/../lib/gcc/arm-none-eabi/4.8.4/armv7e-m/fpu/crti.o
LOAD /opt/gcc-arm-none-eabi/bin/../lib/gcc/arm-none-eabi/4.8.4/armv7e-m/fpu/crtbegin.o
LOAD /opt/gcc-arm-none-eabi/bin/../lib/gcc/arm-none-eabi/4.8.4/../../../../arm-none-eabi/lib/armv7e-m/fpu/crt0.o
LOAD CMakeFiles/STMSynth.elf.dir/src/main.cc.obj
LOAD /var/folders/6z/zf6542f50qq46_8mk1tr8k8mvzxrrm/T//ccC6wcxY.ltrans0.ltrans.o
LOAD /var/folders/6z/zf6542f50qq46_8mk1tr8k8mvzxrrm/T//ccC6wcxY.ltrans1.ltrans.o
LOAD /var/folders/6z/zf6542f50qq46_8mk1tr8k8mvzxrrm/T//ccC6wcxY.ltrans2.ltrans.o
LOAD /var/folders/6z/zf6542f50qq46_8mk1tr8k8mvzxrrm/T//ccC6wcxY.ltrans3.ltrans.o
LOAD /var/folders/6z/zf6542f50qq46_8mk1tr8k8mvzxrrm/T//ccC6wcxY.ltrans4.ltrans.o
LOAD /var/folders/6z/zf6542f50qq46_8mk1tr8k8mvzxrrm/T//ccC6wcxY.ltrans5.ltrans.o
LOAD /var/folders/6z/zf6542f50qq46_8mk1tr8k8mvzxrrm/T//ccC6wcxY.ltrans6.ltrans.o
LOAD /var/folders/6z/zf6542f50qq46_8mk1tr8k8mvzxrrm/T//ccC6wcxY.ltrans7.ltrans.o
LOAD /var/folders/6z/zf6542f50qq46_8mk1tr8k8mvzxrrm/T//ccC6wcxY.ltrans8.ltrans.o
LOAD /var/folders/6z/zf6542f50qq46_8mk1tr8k8mvzxrrm/T//ccC6wcxY.ltrans9.ltrans.o
LOAD /var/folders/6z/zf6542f50qq46_8mk1tr8k8mvzxrrm/T//ccC6wcxY.ltrans10.ltrans.o
LOAD /var/folders/6z/zf6542f50qq46_8mk1tr8k8mvzxrrm/T//ccC6wcxY.ltrans11.ltrans.o
LOAD /var/folders/6z/zf6542f50qq46_8mk1tr8k8mvzxrrm/T//ccC6wcxY.ltrans12.ltrans.o
LOAD /var/folders/6z/zf6542f50qq46_8mk1tr8k8mvzxrrm/T//ccC6wcxY.ltrans13.ltrans.o
LOAD /var/folders/6z/zf6542f50qq46_8mk1tr8k8mvzxrrm/T//ccC6wcxY.ltrans14.ltrans.o
LOAD /var/folders/6z/zf6542f50qq46_8mk1tr8k8mvzxrrm/T//ccC6wcxY.ltrans15.ltrans.o
LOAD /var/folders/6z/zf6542f50qq46_8mk1tr8k8mvzxrrm/T//ccC6wcxY.ltrans16.ltrans.o
LOAD /var/folders/6z/zf6542f50qq46_8mk1tr8k8mvzxrrm/T//ccC6wcxY.ltrans17.ltrans.o
LOAD /var/folders/6z/zf6542f50qq46_8mk1tr8k8mvzxrrm/T//ccC6wcxY.ltrans18.ltrans.o
LOAD /opt/gcc-arm-none-eabi/bin/../lib/gcc/arm-none-eabi/4.8.4/armv7e-m/fpu/libgcc.a
LOAD /opt/gcc-arm-none-eabi/bin/../lib/gcc/arm-none-eabi/4.8.4/../../../../arm-none-eabi/lib/armv7e-m/fpu/libc_s.a
LOAD /opt/gcc-arm-none-eabi/bin/../lib/gcc/arm-none-eabi/4.8.4/armv7e-m/fpu/libgcc.a
LOAD /opt/gcc-arm-none-eabi/bin/../lib/gcc/arm-none-eabi/4.8.4/../../../../arm-none-eabi/lib/armv7e-m/fpu/libc_s.a
LOAD CMakeFiles/STMSynth.elf.dir/src/syscalls.c.obj
LOAD CMakeFiles/STMSynth.elf.dir/src/system_stm32f4xx.c.obj
LOAD CMakeFiles/STMSynth.elf.dir/src/stm32f4xx_it.c.obj
LOAD CMakeFiles/STMSynth.elf.dir/src/stm32f4xx_hal_msp.c.obj
LOAD CMakeFiles/STMSynth.elf.dir/src/usb/usbd_conf.c.obj
LOAD CMakeFiles/STMSynth.elf.dir/src/usb/usbd_desc.c.obj
LOAD CMakeFiles/STMSynth.elf.dir/src/usb/usbd_midi.c.obj
LOAD CMakeFiles/STMSynth.elf.dir/src/usb/usbd_hid.c.obj
LOAD CMakeFiles/STMSynth.elf.dir/Middleware/STM32_USB_Device_Library/Core/Src/usbd_core.c.obj
LOAD CMakeFiles/STMSynth.elf.dir/Middleware/STM32_USB_Device_Library/Core/Src/usbd_ctlreq.c.obj
LOAD CMakeFiles/STMSynth.elf.dir/Middleware/STM32_USB_Device_Library/Core/Src/usbd_ioreq.c.obj
LOAD CMakeFiles/STMSynth.elf.dir/src/synthia/Envelope.cc.obj
LOAD CMakeFiles/STMSynth.elf.dir/src/synthia/Generator.cc.obj
LOAD CMakeFiles/STMSynth.elf.dir/src/synthia/Lowpass.cc.obj
LOAD CMakeFiles/STMSynth.elf.dir/src/synthia/PulseOscillator.cc.obj
LOAD CMakeFiles/STMSynth.elf.dir/src/synthia/SError.cc.obj
LOAD CMakeFiles/STMSynth.elf.dir/src/synthia/SineOscillator.cc.obj
LOAD CMakeFiles/STMSynth.elf.dir/src/synthia/SObject.cc.obj
LOAD CMakeFiles/STMSynth.elf.dir/src/synthia/SoundFile.cc.obj
LOAD CMakeFiles/STMSynth.elf.dir/src/synthia/SoundLoop.cc.obj
LOAD CMakeFiles/STMSynth.elf.dir/src/synthia/SynthContext.cc.obj
LOAD CMakeFiles/STMSynth.elf.dir/src/synthia/WavetableOscillator.cc.obj
LOAD CMakeFiles/STMSynth.elf.dir/Drivers/STM32F4xx_HAL_Driver/src/stm32f4xx_hal.c.obj
LOAD CMakeFiles/STMSynth.elf.dir/Drivers/STM32F4xx_HAL_Driver/src/stm32f4xx_hal_adc.c.obj
LOAD CMakeFiles/STMSynth.elf.dir/Drivers/STM32F4xx_HAL_Driver/src/stm32f4xx_hal_adc_ex.c.obj
LOAD CMakeFiles/STMSynth.elf.dir/Drivers/STM32F4xx_HAL_Driver/src/stm32f4xx_hal_can.c.obj
LOAD CMakeFiles/STMSynth.elf.dir/Drivers/STM32F4xx_HAL_Driver/src/stm32f4xx_hal_cortex.c.obj
LOAD CMakeFiles/STMSynth.elf.dir/Drivers/STM32F4xx_HAL_Driver/src/stm32f4xx_hal_crc.c.obj
LOAD CMakeFiles/STMSynth.elf.dir/Drivers/STM32F4xx_HAL_Driver/src/stm32f4xx_hal_cryp.c.obj
LOAD CMakeFiles/STMSynth.elf.dir/Drivers/STM32F4xx_HAL_Driver/src/stm32f4xx_hal_cryp_ex.c.obj
LOAD CMakeFiles/STMSynth.elf.dir/Drivers/STM32F4xx_HAL_Driver/src/stm32f4xx_hal_dac.c.obj
LOAD CMakeFiles/STMSynth.elf.dir/Drivers/STM32F4xx_HAL_Driver/src/stm32f4xx_hal_dac_ex.c.obj
LOAD CMakeFiles/STMSynth.elf.dir/Drivers/STM32F4xx_HAL_Driver/src/stm32f4xx_hal_dcmi.c.obj
LOAD CMakeFiles/STMSynth.elf.dir/Drivers/STM32F4xx_HAL_Driver/src/stm32f4xx_hal_dma.c.obj
LOAD CMakeFiles/STMSynth.elf.dir/Drivers/STM32F4xx_HAL_Driver/src/stm32f4xx_hal_dma2d.c.obj
LOAD CMakeFiles/STMSynth.elf.dir/Drivers/STM32F4xx_HAL_Driver/src/stm32f4xx_hal_dma_ex.c.obj
LOAD CMakeFiles/STMSynth.elf.dir/Drivers/STM32F4xx_HAL_Driver/src/stm32f4xx_hal_eth.c.obj
LOAD CMakeFiles/STMSynth.elf.dir/Drivers/STM32F4xx_HAL_Driver/src/stm32f4xx_hal_flash.c.obj
LOAD CMakeFiles/STMSynth.elf.dir/Drivers/STM32F4xx_HAL_Driver/src/stm32f4xx_hal_flash_ex.c.obj
LOAD CMakeFiles/STMSynth.elf.dir/Drivers/STM32F4xx_HAL_Driver/src/stm32f4xx_hal_flash_ramfunc.c.obj
LOAD CMakeFiles/STMSynth.elf.dir/Drivers/STM32F4xx_HAL_Driver/src/stm32f4xx_hal_gpio.c.obj
LOAD CMakeFiles/STMSynth.elf.dir/Drivers/STM32F4xx_HAL_Driver/src/stm32f4xx_hal_hash.c.obj
LOAD CMakeFiles/STMSynth.elf.dir/Drivers/STM32F4xx_HAL_Driver/src/stm32f4xx_hal_hash_ex.c.obj
LOAD CMakeFiles/STMSynth.elf.dir/Drivers/STM32F4xx_HAL_Driver/src/stm32f4xx_hal_hcd.c.obj
LOAD CMakeFiles/STMSynth.elf.dir/Drivers/STM32F4xx_HAL_Driver/src/stm32f4xx_hal_i2c.c.obj
LOAD CMakeFiles/STMSynth.elf.dir/Drivers/STM32F4xx_HAL_Driver/src/stm32f4xx_hal_i2c_ex.c.obj
LOAD CMakeFiles/STMSynth.elf.dir/Drivers/STM32F4xx_HAL_Driver/src/stm32f4xx_hal_i2s.c.obj
LOAD CMakeFiles/STMSynth.elf.dir/Drivers/STM32F4xx_HAL_Driver/src/stm32f4xx_hal_i2s_ex.c.obj
LOAD CMakeFiles/STMSynth.elf.dir/Drivers/STM32F4xx_HAL_Driver/src/stm32f4xx_hal_irda.c.obj
LOAD CMakeFiles/STMSynth.elf.dir/Drivers/STM32F4xx_HAL_Driver/src/stm32f4xx_hal_iwdg.c.obj
LOAD CMakeFiles/STMSynth.elf.dir/Drivers/STM32F4xx_HAL_Driver/src/stm32f4xx_hal_ltdc.c.obj
LOAD CMakeFiles/STMSynth.elf.dir/Drivers/STM32F4xx_HAL_Driver/src/stm32f4xx_hal_msp_template.c.obj
LOAD CMakeFiles/STMSynth.elf.dir/Drivers/STM32F4xx_HAL_Driver/src/stm32f4xx_hal_nand.c.obj
LOAD CMakeFiles/STMSynth.elf.dir/Drivers/STM32F4xx_HAL_Driver/src/stm32f4xx_hal_nor.c.obj
LOAD CMakeFiles/STMSynth.elf.dir/Drivers/STM32F4xx_HAL_Driver/src/stm32f4xx_hal_pccard.c.obj
LOAD CMakeFiles/STMSynth.elf.dir/Drivers/STM32F4xx_HAL_Driver/src/stm32f4xx_hal_pcd.c.obj
LOAD CMakeFiles/STMSynth.elf.dir/Drivers/STM32F4xx_HAL_Driver/src/stm32f4xx_hal_pcd_ex.c.obj
LOAD CMakeFiles/STMSynth.elf.dir/Drivers/STM32F4xx_HAL_Driver/src/stm32f4xx_hal_pwr.c.obj
LOAD CMakeFiles/STMSynth.elf.dir/Drivers/STM32F4xx_HAL_Driver/src/stm32f4xx_hal_pwr_ex.c.obj
LOAD CMakeFiles/STMSynth.elf.dir/Drivers/STM32F4xx_HAL_Driver/src/stm32f4xx_hal_rcc.c.obj
LOAD CMakeFiles/STMSynth.elf.dir/Drivers/STM32F4xx_HAL_Driver/src/stm32f4xx_hal_rcc_ex.c.obj
LOAD CMakeFiles/STMSynth.elf.dir/Drivers/STM32F4xx_HAL_Driver/src/stm32f4xx_hal_rng.c.obj
LOAD CMakeFiles/STMSynth.elf.dir/Drivers/STM32F4xx_HAL_Driver/src/stm32f4xx_hal_rtc.c.obj
LOAD CMakeFiles/STMSynth.elf.dir/Drivers/STM32F4xx_HAL_Driver/src/stm32f4xx_hal_rtc_ex.c.obj
LOAD CMakeFiles/STMSynth.elf.dir/Drivers/STM32F4xx_HAL_Driver/src/stm32f4xx_hal_sai.c.obj
LOAD CMakeFiles/STMSynth.elf.dir/Drivers/STM32F4xx_HAL_Driver/src/stm32f4xx_hal_sd.c.obj
LOAD CMakeFiles/STMSynth.elf.dir/Drivers/STM32F4xx_HAL_Driver/src/stm32f4xx_hal_sdram.c.obj
LOAD CMakeFiles/STMSynth.elf.dir/Drivers/STM32F4xx_HAL_Driver/src/stm32f4xx_hal_smartcard.c.obj
LOAD CMakeFiles/STMSynth.elf.dir/Drivers/STM32F4xx_HAL_Driver/src/stm32f4xx_hal_spi.c.obj
LOAD CMakeFiles/STMSynth.elf.dir/Drivers/STM32F4xx_HAL_Driver/src/stm32f4xx_hal_sram.c.obj
LOAD CMakeFiles/STMSynth.elf.dir/Drivers/STM32F4xx_HAL_Driver/src/stm32f4xx_hal_tim.c.obj
LOAD CMakeFiles/STMSynth.elf.dir/Drivers/STM32F4xx_HAL_Driver/src/stm32f4xx_hal_tim_ex.c.obj
LOAD CMakeFiles/STMSynth.elf.dir/Drivers/STM32F4xx_HAL_Driver/src/stm32f4xx_hal_uart.c.obj
LOAD CMakeFiles/STMSynth.elf.dir/Drivers/STM32F4xx_HAL_Driver/src/stm32f4xx_hal_usart.c.obj
LOAD CMakeFiles/STMSynth.elf.dir/Drivers/STM32F4xx_HAL_Driver/src/stm32f4xx_hal_wwdg.c.obj
LOAD CMakeFiles/STMSynth.elf.dir/Drivers/STM32F4xx_HAL_Driver/src/stm32f4xx_ll_fmc.c.obj
LOAD CMakeFiles/STMSynth.elf.dir/Drivers/STM32F4xx_HAL_Driver/src/stm32f4xx_ll_fsmc.c.obj
LOAD CMakeFiles/STMSynth.elf.dir/Drivers/STM32F4xx_HAL_Driver/src/stm32f4xx_ll_sdmmc.c.obj
LOAD CMakeFiles/STMSynth.elf.dir/Drivers/STM32F4xx_HAL_Driver/src/stm32f4xx_ll_usb.c.obj
LOAD CMakeFiles/STMSynth.elf.dir/Drivers/BSP/Components/cs43l22/cs43l22.c.obj
LOAD CMakeFiles/STMSynth.elf.dir/Drivers/BSP/Components/lis3dsh/lis3dsh.c.obj
LOAD CMakeFiles/STMSynth.elf.dir/Drivers/BSP/Components/lis302dl/lis302dl.c.obj
LOAD CMakeFiles/STMSynth.elf.dir/Drivers/BSP/STM32F4-Discovery/stm32f4_discovery.c.obj
LOAD CMakeFiles/STMSynth.elf.dir/Drivers/BSP/STM32F4-Discovery/stm32f4_discovery_accelerometer.c.obj
LOAD CMakeFiles/STMSynth.elf.dir/Drivers/BSP/STM32F4-Discovery/stm32f4_discovery_audio.c.obj
LOAD CMakeFiles/STMSynth.elf.dir/Middleware/FreeRTOS/Source/croutine.c.obj
LOAD CMakeFiles/STMSynth.elf.dir/Middleware/FreeRTOS/Source/event_groups.c.obj
LOAD CMakeFiles/STMSynth.elf.dir/Middleware/FreeRTOS/Source/list.c.obj
LOAD CMakeFiles/STMSynth.elf.dir/Middleware/FreeRTOS/Source/queue.c.obj
LOAD CMakeFiles/STMSynth.elf.dir/Middleware/FreeRTOS/Source/tasks.c.obj
LOAD CMakeFiles/STMSynth.elf.dir/Middleware/FreeRTOS/Source/timers.c.obj
LOAD CMakeFiles/STMSynth.elf.dir/Middleware/FreeRTOS/Source/portable/GCC/ARM_CM4F/port.c.obj
LOAD CMakeFiles/STMSynth.elf.dir/Middleware/FreeRTOS/Source/portable/MemMang/heap_2.c.obj
LOAD CMakeFiles/STMSynth.elf.dir/Middleware/FreeRTOS/Source/CMSIS_RTOS/cmsis_os.c.obj
LOAD CMakeFiles/STMSynth.elf.dir/Drivers/CMSIS/Device/ST/STM32F4xx/Source/Templates/gcc/startup_stm32f407xx.s.obj
LOAD /opt/gcc-arm-none-eabi/bin/../lib/gcc/arm-none-eabi/4.8.4/../../../../arm-none-eabi/lib/armv7e-m/fpu/libstdc++_s.a
LOAD /opt/gcc-arm-none-eabi/bin/../lib/gcc/arm-none-eabi/4.8.4/../../../../arm-none-eabi/lib/armv7e-m/fpu/libm.a
START GROUP
LOAD /opt/gcc-arm-none-eabi/bin/../lib/gcc/arm-none-eabi/4.8.4/armv7e-m/fpu/libgcc.a
LOAD /opt/gcc-arm-none-eabi/bin/../lib/gcc/arm-none-eabi/4.8.4/../../../../arm-none-eabi/lib/armv7e-m/fpu/libc_s.a
END GROUP
START GROUP
LOAD /opt/gcc-arm-none-eabi/bin/../lib/gcc/arm-none-eabi/4.8.4/armv7e-m/fpu/libgcc.a
LOAD /opt/gcc-arm-none-eabi/bin/../lib/gcc/arm-none-eabi/4.8.4/../../../../arm-none-eabi/lib/armv7e-m/fpu/libc_s.a
END GROUP
LOAD /opt/gcc-arm-none-eabi/bin/../lib/gcc/arm-none-eabi/4.8.4/armv7e-m/fpu/crtend.o
LOAD /opt/gcc-arm-none-eabi/bin/../lib/gcc/arm-none-eabi/4.8.4/armv7e-m/fpu/crtn.o
                0x000000002001ffff                _estack = 0x2001ffff
                0x0000000000000000                _Min_Heap_Size = 0x0
                0x0000000000000400                _Min_Stack_Size = 0x400

.isr_vector     0x0000000008000000      0x188
                0x0000000008000000                . = ALIGN (0x4)
 *(.isr_vector)
 .isr_vector    0x0000000008000000      0x188 CMakeFiles/STMSynth.elf.dir/Drivers/CMSIS/Device/ST/STM32F4xx/Source/Templates/gcc/startup_stm32f407xx.s.obj
                0x0000000008000000                g_pfnVectors
                0x0000000008000188                . = ALIGN (0x4)

.text           0x0000000008000188     0x94ec
                0x0000000008000188                . = ALIGN (0x4)
 *(.text)
 .text          0x0000000008000188       0x54 /opt/gcc-arm-none-eabi/bin/../lib/gcc/arm-none-eabi/4.8.4/armv7e-m/fpu/crtbegin.o
 .text          0x00000000080001dc       0x14 /opt/gcc-arm-none-eabi/bin/../lib/gcc/arm-none-eabi/4.8.4/../../../../arm-none-eabi/lib/armv7e-m/fpu/libc_s.a(lib_a-strcmp.o)
                0x00000000080001dc                strcmp
 *(.text*)
 .text.startup.main
                0x00000000080001f0     0x123c /var/folders/6z/zf6542f50qq46_8mk1tr8k8mvzxrrm/T//ccC6wcxY.ltrans0.ltrans.o
                0x00000000080001f0                main
 .text.OTG_FS_IRQHandler
                0x000000000800142c      0xeec /var/folders/6z/zf6542f50qq46_8mk1tr8k8mvzxrrm/T//ccC6wcxY.ltrans1.ltrans.o
                0x000000000800142c                OTG_FS_IRQHandler
 .text._ZN7Synthia15PulseOscillator4tickEi
                0x0000000008002318       0x44 /var/folders/6z/zf6542f50qq46_8mk1tr8k8mvzxrrm/T//ccC6wcxY.ltrans2.ltrans.o
                0x0000000008002318                Synthia::PulseOscillator::tick(int)
 .text._ZN7Synthia15PulseOscillator12setFrequencyEf
                0x000000000800235c       0x14 /var/folders/6z/zf6542f50qq46_8mk1tr8k8mvzxrrm/T//ccC6wcxY.ltrans2.ltrans.o
                0x000000000800235c                Synthia::PulseOscillator::setFrequency(float)
 .text._ZN7Synthia15PulseOscillator4initEPNS_12SynthContextE
                0x0000000008002370       0x1c /var/folders/6z/zf6542f50qq46_8mk1tr8k8mvzxrrm/T//ccC6wcxY.ltrans2.ltrans.o
                0x0000000008002370                Synthia::PulseOscillator::init(Synthia::SynthContext*)
 .text.USBD_MIDI_GetDeviceQualifierDesc.5677
                0x000000000800238c        0xc /var/folders/6z/zf6542f50qq46_8mk1tr8k8mvzxrrm/T//ccC6wcxY.ltrans2.ltrans.o
                0x000000000800238c                USBD_MIDI_GetDeviceQualifierDesc.5677
 .text.USBD_MIDI_IsoOutIncomplete.5673
                0x0000000008002398        0x4 /var/folders/6z/zf6542f50qq46_8mk1tr8k8mvzxrrm/T//ccC6wcxY.ltrans2.ltrans.o
                0x0000000008002398                USBD_MIDI_IsoOutIncomplete.5673
 .text.USBD_MIDI_IsoINIncomplete.5669
                0x000000000800239c        0x4 /var/folders/6z/zf6542f50qq46_8mk1tr8k8mvzxrrm/T//ccC6wcxY.ltrans2.ltrans.o
                0x000000000800239c                USBD_MIDI_IsoINIncomplete.5669
 .text.USBD_MIDI_SOF.5666
                0x00000000080023a0        0x4 /var/folders/6z/zf6542f50qq46_8mk1tr8k8mvzxrrm/T//ccC6wcxY.ltrans2.ltrans.o
                0x00000000080023a0                USBD_MIDI_SOF.5666
 .text.USBD_MIDI_EP0_TxReady.5663
                0x00000000080023a4        0x4 /var/folders/6z/zf6542f50qq46_8mk1tr8k8mvzxrrm/T//ccC6wcxY.ltrans2.ltrans.o
                0x00000000080023a4                USBD_MIDI_EP0_TxReady.5663
 .text.USBD_MIDI_EP0_RxReady.5595
                0x00000000080023a8        0x4 /var/folders/6z/zf6542f50qq46_8mk1tr8k8mvzxrrm/T//ccC6wcxY.ltrans2.ltrans.o
                0x00000000080023a8                USBD_MIDI_EP0_RxReady.5595
 .text.USBD_MIDI_GetCfgDesc.5592
                0x00000000080023ac        0xc /var/folders/6z/zf6542f50qq46_8mk1tr8k8mvzxrrm/T//ccC6wcxY.ltrans2.ltrans.o
                0x00000000080023ac                USBD_MIDI_GetCfgDesc.5592
 .text.USBD_HID_LangIDStrDescriptor
                0x00000000080023b8        0xc /var/folders/6z/zf6542f50qq46_8mk1tr8k8mvzxrrm/T//ccC6wcxY.ltrans2.ltrans.o
                0x00000000080023b8                USBD_HID_LangIDStrDescriptor
 .text.USBD_HID_DeviceDescriptor
                0x00000000080023c4        0xc /var/folders/6z/zf6542f50qq46_8mk1tr8k8mvzxrrm/T//ccC6wcxY.ltrans2.ltrans.o
                0x00000000080023c4                USBD_HID_DeviceDescriptor
 .text.USBD_MIDI_Setup.5688
                0x00000000080023d0       0x10 /var/folders/6z/zf6542f50qq46_8mk1tr8k8mvzxrrm/T//ccC6wcxY.ltrans2.ltrans.o
                0x00000000080023d0                USBD_MIDI_Setup.5688
 .text.HAL_RCC_GetHCLKFreq
                0x00000000080023e0       0xac /var/folders/6z/zf6542f50qq46_8mk1tr8k8mvzxrrm/T//ccC6wcxY.ltrans2.ltrans.o
                0x00000000080023e0                HAL_RCC_GetHCLKFreq
 .text.HAL_GPIO_Init
                0x000000000800248c      0x244 /var/folders/6z/zf6542f50qq46_8mk1tr8k8mvzxrrm/T//ccC6wcxY.ltrans2.ltrans.o
                0x000000000800248c                HAL_GPIO_Init
 .text.HAL_DMA_IRQHandler
                0x00000000080026d0      0x978 /var/folders/6z/zf6542f50qq46_8mk1tr8k8mvzxrrm/T//ccC6wcxY.ltrans2.ltrans.o
                0x00000000080026d0                HAL_DMA_IRQHandler
 .text.cs43l22_Init
                0x0000000008003048      0x7a8 /var/folders/6z/zf6542f50qq46_8mk1tr8k8mvzxrrm/T//ccC6wcxY.ltrans3.ltrans.o
                0x0000000008003048                cs43l22_Init
 .text.cs43l22_ReadID
                0x00000000080037f0      0x258 /var/folders/6z/zf6542f50qq46_8mk1tr8k8mvzxrrm/T//ccC6wcxY.ltrans4.ltrans.o
                0x00000000080037f0                cs43l22_ReadID
 .text.USBD_MIDI_DataIn.5680
                0x0000000008003a48       0x14 /var/folders/6z/zf6542f50qq46_8mk1tr8k8mvzxrrm/T//ccC6wcxY.ltrans5.ltrans.o
                0x0000000008003a48                USBD_MIDI_DataIn.5680
 .text.USBD_MIDI_DeInit.5692
                0x0000000008003a5c       0xac /var/folders/6z/zf6542f50qq46_8mk1tr8k8mvzxrrm/T//ccC6wcxY.ltrans5.ltrans.o
                0x0000000008003a5c                USBD_MIDI_DeInit.5692
 .text.USBD_MIDI_DataOut.5684
                0x0000000008003b08       0xdc /var/folders/6z/zf6542f50qq46_8mk1tr8k8mvzxrrm/T//ccC6wcxY.ltrans5.ltrans.o
                0x0000000008003b08                USBD_MIDI_DataOut.5684
 .text.USBD_MIDI_Init.5696
                0x0000000008003be4       0xd8 /var/folders/6z/zf6542f50qq46_8mk1tr8k8mvzxrrm/T//ccC6wcxY.ltrans5.ltrans.o
                0x0000000008003be4                USBD_MIDI_Init.5696
 .text.I2S_DMATxCplt
                0x0000000008003cbc       0x80 /var/folders/6z/zf6542f50qq46_8mk1tr8k8mvzxrrm/T//ccC6wcxY.ltrans5.ltrans.o
                0x0000000008003cbc                I2S_DMATxCplt
 .text._Z13Error_Handlerv
                0x0000000008003d3c       0x10 /var/folders/6z/zf6542f50qq46_8mk1tr8k8mvzxrrm/T//ccC6wcxY.ltrans5.ltrans.o
                0x0000000008003d3c                Error_Handler()
 .text.I2C_WaitOnFlagUntilTimeout.8037.constprop.43
                0x0000000008003d4c       0x5c /var/folders/6z/zf6542f50qq46_8mk1tr8k8mvzxrrm/T//ccC6wcxY.ltrans5.ltrans.o
                0x0000000008003d4c                I2C_WaitOnFlagUntilTimeout.8037.constprop.43
 .text.SPI_WaitOnFlagUntilTimeout.9612.constprop.26
                0x0000000008003da8       0x78 /var/folders/6z/zf6542f50qq46_8mk1tr8k8mvzxrrm/T//ccC6wcxY.ltrans5.ltrans.o
                0x0000000008003da8                SPI_WaitOnFlagUntilTimeout.9612.constprop.26
 .text.HAL_Delay
                0x0000000008003e20       0x1c /var/folders/6z/zf6542f50qq46_8mk1tr8k8mvzxrrm/T//ccC6wcxY.ltrans5.ltrans.o
                0x0000000008003e20                HAL_Delay
 .text.HAL_RCCEx_PeriphCLKConfig.constprop.93
                0x0000000008003e3c      0x128 /var/folders/6z/zf6542f50qq46_8mk1tr8k8mvzxrrm/T//ccC6wcxY.ltrans5.ltrans.o
                0x0000000008003e3c                HAL_RCCEx_PeriphCLKConfig.constprop.93
 .text.BSP_LED_Init
                0x0000000008003f64       0xa4 /var/folders/6z/zf6542f50qq46_8mk1tr8k8mvzxrrm/T//ccC6wcxY.ltrans5.ltrans.o
                0x0000000008003f64                BSP_LED_Init
 .text.HAL_GPIO_Init.constprop.116
                0x0000000008004008      0x1a8 /var/folders/6z/zf6542f50qq46_8mk1tr8k8mvzxrrm/T//ccC6wcxY.ltrans5.ltrans.o
                0x0000000008004008                HAL_GPIO_Init.constprop.116
 .text.HAL_GPIO_Init.constprop.115
                0x00000000080041b0      0x1b0 /var/folders/6z/zf6542f50qq46_8mk1tr8k8mvzxrrm/T//ccC6wcxY.ltrans5.ltrans.o
                0x00000000080041b0                HAL_GPIO_Init.constprop.115
 .text.LIS302DL_ReadACC
                0x0000000008004360       0x48 /var/folders/6z/zf6542f50qq46_8mk1tr8k8mvzxrrm/T//ccC6wcxY.ltrans6.ltrans.o
                0x0000000008004360                LIS302DL_ReadACC
 .text.LIS302DL_Click_IntClear
                0x00000000080043a8       0x24 /var/folders/6z/zf6542f50qq46_8mk1tr8k8mvzxrrm/T//ccC6wcxY.ltrans6.ltrans.o
                0x00000000080043a8                LIS302DL_Click_IntClear
 .text.I2C_RequestMemoryWrite.8069.constprop.40
                0x00000000080043cc      0x118 /var/folders/6z/zf6542f50qq46_8mk1tr8k8mvzxrrm/T//ccC6wcxY.ltrans6.ltrans.o
                0x00000000080043cc                I2C_RequestMemoryWrite.8069.constprop.40
 .text.cs43l22_SetMute
                0x00000000080044e4       0xdc /var/folders/6z/zf6542f50qq46_8mk1tr8k8mvzxrrm/T//ccC6wcxY.ltrans6.ltrans.o
                0x00000000080044e4                cs43l22_SetMute
 .text.cs43l22_Pause
                0x00000000080045c0       0xf8 /var/folders/6z/zf6542f50qq46_8mk1tr8k8mvzxrrm/T//ccC6wcxY.ltrans6.ltrans.o
                0x00000000080045c0                cs43l22_Pause
 .text.cs43l22_SetVolume
                0x00000000080046b8      0x1ec /var/folders/6z/zf6542f50qq46_8mk1tr8k8mvzxrrm/T//ccC6wcxY.ltrans6.ltrans.o
                0x00000000080046b8                cs43l22_SetVolume
 .text.USBD_HID_InterfaceStrDescriptor
                0x00000000080048a4       0x88 /var/folders/6z/zf6542f50qq46_8mk1tr8k8mvzxrrm/T//ccC6wcxY.ltrans7.ltrans.o
                0x00000000080048a4                USBD_HID_InterfaceStrDescriptor
 .text.USBD_HID_ConfigStrDescriptor
                0x000000000800492c       0x88 /var/folders/6z/zf6542f50qq46_8mk1tr8k8mvzxrrm/T//ccC6wcxY.ltrans7.ltrans.o
                0x000000000800492c                USBD_HID_ConfigStrDescriptor
 .text.USBD_HID_SerialStrDescriptor
                0x00000000080049b4       0x8c /var/folders/6z/zf6542f50qq46_8mk1tr8k8mvzxrrm/T//ccC6wcxY.ltrans7.ltrans.o
                0x00000000080049b4                USBD_HID_SerialStrDescriptor
 .text.USBD_HID_ManufacturerStrDescriptor
                0x0000000008004a40       0x48 /var/folders/6z/zf6542f50qq46_8mk1tr8k8mvzxrrm/T//ccC6wcxY.ltrans7.ltrans.o
                0x0000000008004a40                USBD_HID_ManufacturerStrDescriptor
 .text.HAL_PCD_EP_SetStall
                0x0000000008004a88       0xd0 /var/folders/6z/zf6542f50qq46_8mk1tr8k8mvzxrrm/T//ccC6wcxY.ltrans7.ltrans.o
                0x0000000008004a88                HAL_PCD_EP_SetStall
 .text.USBD_LL_StallEP
                0x0000000008004b58       0xd4 /var/folders/6z/zf6542f50qq46_8mk1tr8k8mvzxrrm/T//ccC6wcxY.ltrans7.ltrans.o
                0x0000000008004b58                USBD_LL_StallEP
 .text.ACCELERO_IO_ITConfig
                0x0000000008004c2c       0xf4 /var/folders/6z/zf6542f50qq46_8mk1tr8k8mvzxrrm/T//ccC6wcxY.ltrans7.ltrans.o
                0x0000000008004c2c                ACCELERO_IO_ITConfig
 .text.USBD_LL_StallEP.constprop.55
                0x0000000008004d20       0x8c /var/folders/6z/zf6542f50qq46_8mk1tr8k8mvzxrrm/T//ccC6wcxY.ltrans7.ltrans.o
                0x0000000008004d20                USBD_LL_StallEP.constprop.55
 .text.USBD_LL_StallEP.constprop.54
                0x0000000008004dac       0x98 /var/folders/6z/zf6542f50qq46_8mk1tr8k8mvzxrrm/T//ccC6wcxY.ltrans7.ltrans.o
                0x0000000008004dac                USBD_LL_StallEP.constprop.54
 .text.HAL_RCC_GetPCLK1Freq
                0x0000000008004e44       0xc8 /var/folders/6z/zf6542f50qq46_8mk1tr8k8mvzxrrm/T//ccC6wcxY.ltrans7.ltrans.o
                0x0000000008004e44                HAL_RCC_GetPCLK1Freq
 .text.I2Cx_Init.11948
                0x0000000008004f0c      0x1e0 /var/folders/6z/zf6542f50qq46_8mk1tr8k8mvzxrrm/T//ccC6wcxY.ltrans7.ltrans.o
                0x0000000008004f0c                I2Cx_Init.11948
 .text.cs43l22_SetOutputMode
                0x00000000080050ec      0x28c /var/folders/6z/zf6542f50qq46_8mk1tr8k8mvzxrrm/T//ccC6wcxY.ltrans8.ltrans.o
                0x00000000080050ec                cs43l22_SetOutputMode
 .text.cs43l22_Play
                0x0000000008005378      0x11c /var/folders/6z/zf6542f50qq46_8mk1tr8k8mvzxrrm/T//ccC6wcxY.ltrans8.ltrans.o
                0x0000000008005378                cs43l22_Play
 .text.cs43l22_Resume
                0x0000000008005494      0x198 /var/folders/6z/zf6542f50qq46_8mk1tr8k8mvzxrrm/T//ccC6wcxY.ltrans8.ltrans.o
                0x0000000008005494                cs43l22_Resume
 .text.cs43l22_Stop
                0x000000000800562c      0x104 /var/folders/6z/zf6542f50qq46_8mk1tr8k8mvzxrrm/T//ccC6wcxY.ltrans8.ltrans.o
                0x000000000800562c                cs43l22_Stop
 .text.LIS302DL_RebootCmd
                0x0000000008005730       0x3c /var/folders/6z/zf6542f50qq46_8mk1tr8k8mvzxrrm/T//ccC6wcxY.ltrans9.ltrans.o
                0x0000000008005730                LIS302DL_RebootCmd
 .text.LIS302DL_FilterConfig
                0x000000000800576c       0x48 /var/folders/6z/zf6542f50qq46_8mk1tr8k8mvzxrrm/T//ccC6wcxY.ltrans9.ltrans.o
                0x000000000800576c                LIS302DL_FilterConfig
 .text.LIS3DSH_ReadACC
                0x00000000080057b4       0xd8 /var/folders/6z/zf6542f50qq46_8mk1tr8k8mvzxrrm/T//ccC6wcxY.ltrans9.ltrans.o
                0x00000000080057b4                LIS3DSH_ReadACC
 .text.LIS3DSH_RebootCmd
                0x000000000800588c       0x3c /var/folders/6z/zf6542f50qq46_8mk1tr8k8mvzxrrm/T//ccC6wcxY.ltrans9.ltrans.o
                0x000000000800588c                LIS3DSH_RebootCmd
 .text.LIS302DL_ReadID
                0x00000000080058c8       0x20 /var/folders/6z/zf6542f50qq46_8mk1tr8k8mvzxrrm/T//ccC6wcxY.ltrans9.ltrans.o
                0x00000000080058c8                LIS302DL_ReadID
 .text.LIS3DSH_ReadID
                0x00000000080058e8       0x20 /var/folders/6z/zf6542f50qq46_8mk1tr8k8mvzxrrm/T//ccC6wcxY.ltrans9.ltrans.o
                0x00000000080058e8                LIS3DSH_ReadID
 .text.ACCELERO_IO_Read.constprop.10
                0x0000000008005908      0x4e4 /var/folders/6z/zf6542f50qq46_8mk1tr8k8mvzxrrm/T//ccC6wcxY.ltrans9.ltrans.o
                0x0000000008005908                ACCELERO_IO_Read.constprop.10
 .text.SPIx_WriteRead.11943
                0x0000000008005dec      0x48c /var/folders/6z/zf6542f50qq46_8mk1tr8k8mvzxrrm/T//ccC6wcxY.ltrans10.ltrans.o
                0x0000000008005dec                SPIx_WriteRead.11943
 .text.HAL_I2C_Mem_Write.part.16.8152.constprop.37
                0x0000000008006278       0xc4 /var/folders/6z/zf6542f50qq46_8mk1tr8k8mvzxrrm/T//ccC6wcxY.ltrans10.ltrans.o
                0x0000000008006278                HAL_I2C_Mem_Write.part.16.8152.constprop.37
 .text.ACCELERO_IO_Write.constprop.12
                0x000000000800633c      0x4d4 /var/folders/6z/zf6542f50qq46_8mk1tr8k8mvzxrrm/T//ccC6wcxY.ltrans11.ltrans.o
                0x000000000800633c                ACCELERO_IO_Write.constprop.12
 .text.USBD_HID_ProductStrDescriptor
                0x0000000008006810       0x8c /var/folders/6z/zf6542f50qq46_8mk1tr8k8mvzxrrm/T//ccC6wcxY.ltrans12.ltrans.o
                0x0000000008006810                USBD_HID_ProductStrDescriptor
 .text.USBD_CtlSendData
                0x000000000800689c      0x108 /var/folders/6z/zf6542f50qq46_8mk1tr8k8mvzxrrm/T//ccC6wcxY.ltrans12.ltrans.o
                0x000000000800689c                USBD_CtlSendData
 .text.USBD_CtlSendStatus
                0x00000000080069a4       0x9c /var/folders/6z/zf6542f50qq46_8mk1tr8k8mvzxrrm/T//ccC6wcxY.ltrans12.ltrans.o
                0x00000000080069a4                USBD_CtlSendStatus
 .text.SPIx_Init.11939
                0x0000000008006a40      0x130 /var/folders/6z/zf6542f50qq46_8mk1tr8k8mvzxrrm/T//ccC6wcxY.ltrans12.ltrans.o
                0x0000000008006a40                SPIx_Init.11939
 .text.ACCELERO_IO_Init
                0x0000000008006b70       0x74 /var/folders/6z/zf6542f50qq46_8mk1tr8k8mvzxrrm/T//ccC6wcxY.ltrans12.ltrans.o
                0x0000000008006b70                ACCELERO_IO_Init
 .text.ACCELERO_IO_Read.constprop.11
                0x0000000008006be4      0x3e0 /var/folders/6z/zf6542f50qq46_8mk1tr8k8mvzxrrm/T//ccC6wcxY.ltrans13.ltrans.o
                0x0000000008006be4                ACCELERO_IO_Read.constprop.11
 .text.LIS302DL_Init
                0x0000000008006fc4      0x488 /var/folders/6z/zf6542f50qq46_8mk1tr8k8mvzxrrm/T//ccC6wcxY.ltrans14.ltrans.o
                0x0000000008006fc4                LIS302DL_Init
 .text.I2S_DMAError
                0x000000000800744c       0x18 /var/folders/6z/zf6542f50qq46_8mk1tr8k8mvzxrrm/T//ccC6wcxY.ltrans15.ltrans.o
                0x000000000800744c                I2S_DMAError
 .text.cs43l22_SetFrequency
                0x0000000008007464        0x4 /var/folders/6z/zf6542f50qq46_8mk1tr8k8mvzxrrm/T//ccC6wcxY.ltrans15.ltrans.o
                0x0000000008007464                cs43l22_SetFrequency
 .text.HAL_NVIC_SetPriority.constprop.114
                0x0000000008007468       0x64 /var/folders/6z/zf6542f50qq46_8mk1tr8k8mvzxrrm/T//ccC6wcxY.ltrans15.ltrans.o
                0x0000000008007468                HAL_NVIC_SetPriority.constprop.114
 .text.HAL_InitTick.constprop.83
                0x00000000080074cc       0x44 /var/folders/6z/zf6542f50qq46_8mk1tr8k8mvzxrrm/T//ccC6wcxY.ltrans15.ltrans.o
                0x00000000080074cc                HAL_InitTick.constprop.83
 .text._Z10make_soundPtt.constprop.89
                0x0000000008007510      0x124 /var/folders/6z/zf6542f50qq46_8mk1tr8k8mvzxrrm/T//ccC6wcxY.ltrans15.ltrans.o
                0x0000000008007510                make_sound(unsigned short*, unsigned short) [clone .constprop.89]
 .text.I2S_DMATxHalfCplt
                0x0000000008007634       0x28 /var/folders/6z/zf6542f50qq46_8mk1tr8k8mvzxrrm/T//ccC6wcxY.ltrans15.ltrans.o
                0x0000000008007634                I2S_DMATxHalfCplt
 .text.unlikely._ZN7Synthia7Lowpass16calcCoefficientsEv.constprop.77
                0x000000000800765c       0x74 /var/folders/6z/zf6542f50qq46_8mk1tr8k8mvzxrrm/T//ccC6wcxY.ltrans15.ltrans.o
                0x000000000800765c                Synthia::Lowpass::calcCoefficients() [clone .constprop.77]
 .text.ulPortSetInterruptMask
                0x00000000080076d0       0x10 /var/folders/6z/zf6542f50qq46_8mk1tr8k8mvzxrrm/T//ccC6wcxY.ltrans15.ltrans.o
                0x00000000080076d0                ulPortSetInterruptMask
 .text.USB_EP0StartXfer
                0x00000000080076e0      0x17c /var/folders/6z/zf6542f50qq46_8mk1tr8k8mvzxrrm/T//ccC6wcxY.ltrans15.ltrans.o
                0x00000000080076e0                USB_EP0StartXfer
 .text.USB_EPStartXfer
                0x000000000800785c      0x284 /var/folders/6z/zf6542f50qq46_8mk1tr8k8mvzxrrm/T//ccC6wcxY.ltrans15.ltrans.o
                0x000000000800785c                USB_EPStartXfer
 .text.USB_ActivateEndpoint
                0x0000000008007ae0       0x90 /var/folders/6z/zf6542f50qq46_8mk1tr8k8mvzxrrm/T//ccC6wcxY.ltrans15.ltrans.o
                0x0000000008007ae0                USB_ActivateEndpoint
 .text.USB_CoreReset.11265
                0x0000000008007b70       0x34 /var/folders/6z/zf6542f50qq46_8mk1tr8k8mvzxrrm/T//ccC6wcxY.ltrans15.ltrans.o
                0x0000000008007b70                USB_CoreReset.11265
 .text.HAL_RCC_GetPCLK2Freq
                0x0000000008007ba4       0x30 /var/folders/6z/zf6542f50qq46_8mk1tr8k8mvzxrrm/T//ccC6wcxY.ltrans15.ltrans.o
                0x0000000008007ba4                HAL_RCC_GetPCLK2Freq
 .text.PendSV_Handler
                0x0000000008007bd4       0x58 /var/folders/6z/zf6542f50qq46_8mk1tr8k8mvzxrrm/T//ccC6wcxY.ltrans16.ltrans.o
                0x0000000008007bd4                PendSV_Handler
 .text.SVC_Handler
                0x0000000008007c2c       0x20 /var/folders/6z/zf6542f50qq46_8mk1tr8k8mvzxrrm/T//ccC6wcxY.ltrans16.ltrans.o
                0x0000000008007c2c                SVC_Handler
 .text.vTaskSwitchContext
                0x0000000008007c4c       0x64 /var/folders/6z/zf6542f50qq46_8mk1tr8k8mvzxrrm/T//ccC6wcxY.ltrans16.ltrans.o
                0x0000000008007c4c                vTaskSwitchContext
 .text.TIM4_IRQHandler
                0x0000000008007cb0        0x4 /var/folders/6z/zf6542f50qq46_8mk1tr8k8mvzxrrm/T//ccC6wcxY.ltrans17.ltrans.o
                0x0000000008007cb0                TIM4_IRQHandler
 .text.DMA1_Stream3_IRQHandler
                0x0000000008007cb4        0x8 /var/folders/6z/zf6542f50qq46_8mk1tr8k8mvzxrrm/T//ccC6wcxY.ltrans17.ltrans.o
                0x0000000008007cb4                DMA1_Stream3_IRQHandler
 .text.DMA1_Stream7_IRQHandler
                0x0000000008007cbc        0xc /var/folders/6z/zf6542f50qq46_8mk1tr8k8mvzxrrm/T//ccC6wcxY.ltrans17.ltrans.o
                0x0000000008007cbc                DMA1_Stream7_IRQHandler
 .text.EXTI1_IRQHandler
                0x0000000008007cc8       0x14 /var/folders/6z/zf6542f50qq46_8mk1tr8k8mvzxrrm/T//ccC6wcxY.ltrans17.ltrans.o
                0x0000000008007cc8                EXTI1_IRQHandler
 .text.EXTI0_IRQHandler
                0x0000000008007cdc       0x14 /var/folders/6z/zf6542f50qq46_8mk1tr8k8mvzxrrm/T//ccC6wcxY.ltrans17.ltrans.o
                0x0000000008007cdc                EXTI0_IRQHandler
 .text.SysTick_Handler
                0x0000000008007cf0       0x10 /var/folders/6z/zf6542f50qq46_8mk1tr8k8mvzxrrm/T//ccC6wcxY.ltrans17.ltrans.o
                0x0000000008007cf0                SysTick_Handler
 .text.DebugMon_Handler
                0x0000000008007d00        0x4 /var/folders/6z/zf6542f50qq46_8mk1tr8k8mvzxrrm/T//ccC6wcxY.ltrans17.ltrans.o
                0x0000000008007d00                DebugMon_Handler
 .text.UsageFault_Handler
                0x0000000008007d04        0x4 /var/folders/6z/zf6542f50qq46_8mk1tr8k8mvzxrrm/T//ccC6wcxY.ltrans17.ltrans.o
                0x0000000008007d04                UsageFault_Handler
 .text.BusFault_Handler
                0x0000000008007d08        0x4 /var/folders/6z/zf6542f50qq46_8mk1tr8k8mvzxrrm/T//ccC6wcxY.ltrans17.ltrans.o
                0x0000000008007d08                BusFault_Handler
 .text.MemManage_Handler
                0x0000000008007d0c        0x4 /var/folders/6z/zf6542f50qq46_8mk1tr8k8mvzxrrm/T//ccC6wcxY.ltrans17.ltrans.o
                0x0000000008007d0c                MemManage_Handler
 .text.HardFault_Handler
                0x0000000008007d10        0x4 /var/folders/6z/zf6542f50qq46_8mk1tr8k8mvzxrrm/T//ccC6wcxY.ltrans17.ltrans.o
                0x0000000008007d10                HardFault_Handler
 .text.NMI_Handler
                0x0000000008007d14        0x4 /var/folders/6z/zf6542f50qq46_8mk1tr8k8mvzxrrm/T//ccC6wcxY.ltrans17.ltrans.o
                0x0000000008007d14                NMI_Handler
 .text.SystemInit
                0x0000000008007d18       0x50 /var/folders/6z/zf6542f50qq46_8mk1tr8k8mvzxrrm/T//ccC6wcxY.ltrans17.ltrans.o
                0x0000000008007d18                SystemInit
 .text._read    0x0000000008007d68        0x4 /var/folders/6z/zf6542f50qq46_8mk1tr8k8mvzxrrm/T//ccC6wcxY.ltrans17.ltrans.o
                0x0000000008007d68                _read
 .text._lseek   0x0000000008007d6c        0x4 /var/folders/6z/zf6542f50qq46_8mk1tr8k8mvzxrrm/T//ccC6wcxY.ltrans17.ltrans.o
                0x0000000008007d6c                _lseek
 .text._isatty  0x0000000008007d70        0x4 /var/folders/6z/zf6542f50qq46_8mk1tr8k8mvzxrrm/T//ccC6wcxY.ltrans17.ltrans.o
                0x0000000008007d70                _isatty
 .text._fstat   0x0000000008007d74        0xc /var/folders/6z/zf6542f50qq46_8mk1tr8k8mvzxrrm/T//ccC6wcxY.ltrans17.ltrans.o
                0x0000000008007d74                _fstat
 .text._close   0x0000000008007d80        0x8 /var/folders/6z/zf6542f50qq46_8mk1tr8k8mvzxrrm/T//ccC6wcxY.ltrans17.ltrans.o
                0x0000000008007d80                _close
 .text._sbrk    0x0000000008007d88       0x34 /var/folders/6z/zf6542f50qq46_8mk1tr8k8mvzxrrm/T//ccC6wcxY.ltrans17.ltrans.o
                0x0000000008007d88                _sbrk
 .text._write   0x0000000008007dbc      0x124 /var/folders/6z/zf6542f50qq46_8mk1tr8k8mvzxrrm/T//ccC6wcxY.ltrans17.ltrans.o
                0x0000000008007dbc                _write
 .text.startup._GLOBAL__sub_I_audiobuff.4438.4231
                0x0000000008007ee0       0x2c /var/folders/6z/zf6542f50qq46_8mk1tr8k8mvzxrrm/T//ccC6wcxY.ltrans17.ltrans.o
 .text.LIS3DSH_Click_IntConfig
                0x0000000008007f0c       0xd0 /var/folders/6z/zf6542f50qq46_8mk1tr8k8mvzxrrm/T//ccC6wcxY.ltrans18.ltrans.o
                0x0000000008007f0c                LIS3DSH_Click_IntConfig
 .text.LIS3DSH_Init
                0x0000000008007fdc       0x48 /var/folders/6z/zf6542f50qq46_8mk1tr8k8mvzxrrm/T//ccC6wcxY.ltrans18.ltrans.o
                0x0000000008007fdc                LIS3DSH_Init
 .text.LIS302DL_Click_IntConfig
                0x0000000008008024       0xa0 /var/folders/6z/zf6542f50qq46_8mk1tr8k8mvzxrrm/T//ccC6wcxY.ltrans18.ltrans.o
                0x0000000008008024                LIS302DL_Click_IntConfig
 .text._ZdlPv   0x00000000080080c4        0x4 /var/folders/6z/zf6542f50qq46_8mk1tr8k8mvzxrrm/T//ccC6wcxY.ltrans18.ltrans.o
                0x00000000080080c4                operator delete(void*)
 .text.printf   0x00000000080080c8       0x30 /opt/gcc-arm-none-eabi/bin/../lib/gcc/arm-none-eabi/4.8.4/../../../../arm-none-eabi/lib/armv7e-m/fpu/libc_s.a(lib_a-printf.o)
                0x00000000080080c8                printf
                0x00000000080080c8                iprintf
 .text._puts_r  0x00000000080080f8       0xc0 /opt/gcc-arm-none-eabi/bin/../lib/gcc/arm-none-eabi/4.8.4/../../../../arm-none-eabi/lib/armv7e-m/fpu/libc_s.a(lib_a-puts.o)
                0x00000000080080f8                _puts_r
 .text.puts     0x00000000080081b8       0x10 /opt/gcc-arm-none-eabi/bin/../lib/gcc/arm-none-eabi/4.8.4/../../../../arm-none-eabi/lib/armv7e-m/fpu/libc_s.a(lib_a-puts.o)
                0x00000000080081b8                puts
 .text.__sfputc_r
                0x00000000080081c8       0x2c /opt/gcc-arm-none-eabi/bin/../lib/gcc/arm-none-eabi/4.8.4/../../../../arm-none-eabi/lib/armv7e-m/fpu/libc_s.a(lib_a-vfprintf.o)
 .text.__sfputs_r
                0x00000000080081f4       0x24 /opt/gcc-arm-none-eabi/bin/../lib/gcc/arm-none-eabi/4.8.4/../../../../arm-none-eabi/lib/armv7e-m/fpu/libc_s.a(lib_a-vfprintf.o)
                0x00000000080081f4                __sfputs_r
 .text._vfprintf_r
                0x0000000008008218      0x208 /opt/gcc-arm-none-eabi/bin/../lib/gcc/arm-none-eabi/4.8.4/../../../../arm-none-eabi/lib/armv7e-m/fpu/libc_s.a(lib_a-vfprintf.o)
                0x0000000008008218                _vfiprintf_r
                0x0000000008008218                _vfprintf_r
 .text.Reset_Handler
                0x0000000008008420       0x58 CMakeFiles/STMSynth.elf.dir/Drivers/CMSIS/Device/ST/STM32F4xx/Source/Templates/gcc/startup_stm32f407xx.s.obj
                0x0000000008008420                Reset_Handler
 .text.Default_Handler
                0x0000000008008478        0x4 CMakeFiles/STMSynth.elf.dir/Drivers/CMSIS/Device/ST/STM32F4xx/Source/Templates/gcc/startup_stm32f407xx.s.obj
                0x0000000008008478                DMA2_Stream6_IRQHandler
                0x0000000008008478                HASH_RNG_IRQHandler
                0x0000000008008478                EXTI2_IRQHandler
                0x0000000008008478                TIM8_CC_IRQHandler
                0x0000000008008478                TIM1_CC_IRQHandler
                0x0000000008008478                DMA2_Stream5_IRQHandler
                0x0000000008008478                DMA1_Stream5_IRQHandler
                0x0000000008008478                PVD_IRQHandler
                0x0000000008008478                SDIO_IRQHandler
                0x0000000008008478                TAMP_STAMP_IRQHandler
                0x0000000008008478                CAN2_RX1_IRQHandler
                0x0000000008008478                EXTI3_IRQHandler
                0x0000000008008478                TIM8_TRG_COM_TIM14_IRQHandler
                0x0000000008008478                TIM1_UP_TIM10_IRQHandler
                0x0000000008008478                TIM8_UP_TIM13_IRQHandler
                0x0000000008008478                I2C3_ER_IRQHandler
                0x0000000008008478                I2C2_EV_IRQHandler
                0x0000000008008478                DMA1_Stream2_IRQHandler
                0x0000000008008478                CAN1_RX0_IRQHandler
                0x0000000008008478                FPU_IRQHandler
                0x0000000008008478                OTG_HS_WKUP_IRQHandler
                0x0000000008008478                CAN2_SCE_IRQHandler
                0x0000000008008478                DMA2_Stream2_IRQHandler
                0x0000000008008478                SPI1_IRQHandler
                0x0000000008008478                TIM6_DAC_IRQHandler
                0x0000000008008478                TIM1_BRK_TIM9_IRQHandler
                0x0000000008008478                DCMI_IRQHandler
                0x0000000008008478                CAN2_RX0_IRQHandler
                0x0000000008008478                DMA2_Stream3_IRQHandler
                0x0000000008008478                USART6_IRQHandler
                0x0000000008008478                USART3_IRQHandler
                0x0000000008008478                CAN1_RX1_IRQHandler
                0x0000000008008478                UART5_IRQHandler
                0x0000000008008478                DMA2_Stream0_IRQHandler
                0x0000000008008478                I2C1_EV_IRQHandler
                0x0000000008008478                DMA1_Stream6_IRQHandler
                0x0000000008008478                DMA1_Stream1_IRQHandler
                0x0000000008008478                UART4_IRQHandler
                0x0000000008008478                TIM3_IRQHandler
                0x0000000008008478                RCC_IRQHandler
                0x0000000008008478                TIM8_BRK_TIM12_IRQHandler
                0x0000000008008478                Default_Handler
                0x0000000008008478                EXTI15_10_IRQHandler
                0x0000000008008478                ADC_IRQHandler
                0x0000000008008478                TIM7_IRQHandler
                0x0000000008008478                CAN2_TX_IRQHandler
                0x0000000008008478                TIM5_IRQHandler
                0x0000000008008478                DMA2_Stream7_IRQHandler
                0x0000000008008478                I2C3_EV_IRQHandler
                0x0000000008008478                EXTI9_5_IRQHandler
                0x0000000008008478                RTC_WKUP_IRQHandler
                0x0000000008008478                ETH_WKUP_IRQHandler
                0x0000000008008478                SPI2_IRQHandler
                0x0000000008008478                OTG_HS_EP1_IN_IRQHandler
                0x0000000008008478                DMA1_Stream0_IRQHandler
                0x0000000008008478                CAN1_TX_IRQHandler
                0x0000000008008478                EXTI4_IRQHandler
                0x0000000008008478                FSMC_IRQHandler
                0x0000000008008478                ETH_IRQHandler
                0x0000000008008478                OTG_HS_EP1_OUT_IRQHandler
                0x0000000008008478                WWDG_IRQHandler
                0x0000000008008478                TIM2_IRQHandler
                0x0000000008008478                OTG_FS_WKUP_IRQHandler
                0x0000000008008478                TIM1_TRG_COM_TIM11_IRQHandler
                0x0000000008008478                OTG_HS_IRQHandler
                0x0000000008008478                USART2_IRQHandler
                0x0000000008008478                I2C2_ER_IRQHandler
                0x0000000008008478                DMA2_Stream1_IRQHandler
                0x0000000008008478                CAN1_SCE_IRQHandler
                0x0000000008008478                FLASH_IRQHandler
                0x0000000008008478                DMA2_Stream4_IRQHandler
                0x0000000008008478                USART1_IRQHandler
                0x0000000008008478                SPI3_IRQHandler
                0x0000000008008478                DMA1_Stream4_IRQHandler
                0x0000000008008478                I2C1_ER_IRQHandler
                0x0000000008008478                RTC_Alarm_IRQHandler
 .text._ZNK10__cxxabiv117__class_type_info11__do_upcastEPKS0_PPv
                0x000000000800847c       0x34 /opt/gcc-arm-none-eabi/bin/../lib/gcc/arm-none-eabi/4.8.4/../../../../arm-none-eabi/lib/armv7e-m/fpu/libstdc++_s.a(class_type_info.o)
                0x000000000800847c                __cxxabiv1::__class_type_info::__do_upcast(__cxxabiv1::__class_type_info const*, void**) const
 .text._ZNK10__cxxabiv117__class_type_info20__do_find_public_srcEiPKvPKS0_S2_
                0x00000000080084b0        0xc /opt/gcc-arm-none-eabi/bin/../lib/gcc/arm-none-eabi/4.8.4/../../../../arm-none-eabi/lib/armv7e-m/fpu/libstdc++_s.a(class_type_info.o)
                0x00000000080084b0                __cxxabiv1::__class_type_info::__do_find_public_src(int, void const*, __cxxabiv1::__class_type_info const*, void const*) const
 .text._ZN10__cxxabiv117__class_type_infoD2Ev
                0x00000000080084bc       0x14 /opt/gcc-arm-none-eabi/bin/../lib/gcc/arm-none-eabi/4.8.4/../../../../arm-none-eabi/lib/armv7e-m/fpu/libstdc++_s.a(class_type_info.o)
                0x00000000080084bc                __cxxabiv1::__class_type_info::~__class_type_info()
                0x00000000080084bc                __cxxabiv1::__class_type_info::~__class_type_info()
 .text._ZN10__cxxabiv117__class_type_infoD0Ev
                0x00000000080084d0       0x12 /opt/gcc-arm-none-eabi/bin/../lib/gcc/arm-none-eabi/4.8.4/../../../../arm-none-eabi/lib/armv7e-m/fpu/libstdc++_s.a(class_type_info.o)
                0x00000000080084d0                __cxxabiv1::__class_type_info::~__class_type_info()
 .text._ZNK10__cxxabiv117__class_type_info11__do_upcastEPKS0_PKvRNS0_15__upcast_resultE
                0x00000000080084e2       0x1a /opt/gcc-arm-none-eabi/bin/../lib/gcc/arm-none-eabi/4.8.4/../../../../arm-none-eabi/lib/armv7e-m/fpu/libstdc++_s.a(class_type_info.o)
                0x00000000080084e2                __cxxabiv1::__class_type_info::__do_upcast(__cxxabiv1::__class_type_info const*, void const*, __cxxabiv1::__class_type_info::__upcast_result&) const
 .text._ZNK10__cxxabiv117__class_type_info10__do_catchEPKSt9type_infoPPvj
                0x00000000080084fc       0x26 /opt/gcc-arm-none-eabi/bin/../lib/gcc/arm-none-eabi/4.8.4/../../../../arm-none-eabi/lib/armv7e-m/fpu/libstdc++_s.a(class_type_info.o)
                0x00000000080084fc                __cxxabiv1::__class_type_info::__do_catch(std::type_info const*, void**, unsigned int) const
 .text._ZNK10__cxxabiv117__class_type_info12__do_dyncastEiNS0_10__sub_kindEPKS0_PKvS3_S5_RNS0_16__dyncast_resultE
                0x0000000008008522       0x38 /opt/gcc-arm-none-eabi/bin/../lib/gcc/arm-none-eabi/4.8.4/../../../../arm-none-eabi/lib/armv7e-m/fpu/libstdc++_s.a(class_type_info.o)
                0x0000000008008522                __cxxabiv1::__class_type_info::__do_dyncast(int, __cxxabiv1::__class_type_info::__sub_kind, __cxxabiv1::__class_type_info const*, void const*, __cxxabiv1::__class_type_info const*, void const*, __cxxabiv1::__class_type_info::__dyncast_result&) const
 *fill*         0x000000000800855a        0x2 
 .text._ZN10__cxxabiv120__si_class_type_infoD2Ev
                0x000000000800855c       0x14 /opt/gcc-arm-none-eabi/bin/../lib/gcc/arm-none-eabi/4.8.4/../../../../arm-none-eabi/lib/armv7e-m/fpu/libstdc++_s.a(si_class_type_info.o)
                0x000000000800855c                __cxxabiv1::__si_class_type_info::~__si_class_type_info()
                0x000000000800855c                __cxxabiv1::__si_class_type_info::~__si_class_type_info()
 .text._ZN10__cxxabiv120__si_class_type_infoD0Ev
                0x0000000008008570       0x12 /opt/gcc-arm-none-eabi/bin/../lib/gcc/arm-none-eabi/4.8.4/../../../../arm-none-eabi/lib/armv7e-m/fpu/libstdc++_s.a(si_class_type_info.o)
                0x0000000008008570                __cxxabiv1::__si_class_type_info::~__si_class_type_info()
 .text._ZNK10__cxxabiv120__si_class_type_info20__do_find_public_srcEiPKvPKNS_17__class_type_infoES2_
                0x0000000008008582       0x34 /opt/gcc-arm-none-eabi/bin/../lib/gcc/arm-none-eabi/4.8.4/../../../../arm-none-eabi/lib/armv7e-m/fpu/libstdc++_s.a(si_class_type_info.o)
                0x0000000008008582                __cxxabiv1::__si_class_type_info::__do_find_public_src(int, void const*, __cxxabiv1::__class_type_info const*, void const*) const
 .text._ZNK10__cxxabiv120__si_class_type_info12__do_dyncastEiNS_17__class_type_info10__sub_kindEPKS1_PKvS4_S6_RNS1_16__dyncast_resultE
                0x00000000080085b6       0x7c /opt/gcc-arm-none-eabi/bin/../lib/gcc/arm-none-eabi/4.8.4/../../../../arm-none-eabi/lib/armv7e-m/fpu/libstdc++_s.a(si_class_type_info.o)
                0x00000000080085b6                __cxxabiv1::__si_class_type_info::__do_dyncast(int, __cxxabiv1::__class_type_info::__sub_kind, __cxxabiv1::__class_type_info const*, void const*, __cxxabiv1::__class_type_info const*, void const*, __cxxabiv1::__class_type_info::__dyncast_result&) const
 .text._ZNK10__cxxabiv120__si_class_type_info11__do_upcastEPKNS_17__class_type_infoEPKvRNS1_15__upcast_resultE
                0x0000000008008632       0x24 /opt/gcc-arm-none-eabi/bin/../lib/gcc/arm-none-eabi/4.8.4/../../../../arm-none-eabi/lib/armv7e-m/fpu/libstdc++_s.a(si_class_type_info.o)
                0x0000000008008632                __cxxabiv1::__si_class_type_info::__do_upcast(__cxxabiv1::__class_type_info const*, void const*, __cxxabiv1::__class_type_info::__upcast_result&) const
 *fill*         0x0000000008008656        0x2 
 .text._ZNSt9type_infoD2Ev
                0x0000000008008658        0xc /opt/gcc-arm-none-eabi/bin/../lib/gcc/arm-none-eabi/4.8.4/../../../../arm-none-eabi/lib/armv7e-m/fpu/libstdc++_s.a(tinfo.o)
                0x0000000008008658                std::type_info::~type_info()
                0x0000000008008658                std::type_info::~type_info()
 .text._ZNKSt9type_info14__is_pointer_pEv
                0x0000000008008664        0x4 /opt/gcc-arm-none-eabi/bin/../lib/gcc/arm-none-eabi/4.8.4/../../../../arm-none-eabi/lib/armv7e-m/fpu/libstdc++_s.a(tinfo.o)
                0x0000000008008664                std::type_info::__is_pointer_p() const
 .text._ZNKSt9type_info15__is_function_pEv
                0x0000000008008668        0x4 /opt/gcc-arm-none-eabi/bin/../lib/gcc/arm-none-eabi/4.8.4/../../../../arm-none-eabi/lib/armv7e-m/fpu/libstdc++_s.a(tinfo.o)
                0x0000000008008668                std::type_info::__is_function_p() const
 .text._ZNKSt9type_info11__do_upcastEPKN10__cxxabiv117__class_type_infoEPPv
                0x000000000800866c        0x4 /opt/gcc-arm-none-eabi/bin/../lib/gcc/arm-none-eabi/4.8.4/../../../../arm-none-eabi/lib/armv7e-m/fpu/libstdc++_s.a(tinfo.o)
                0x000000000800866c                std::type_info::__do_upcast(__cxxabiv1::__class_type_info const*, void**) const
 .text._ZNSt9type_infoD0Ev
                0x0000000008008670       0x14 /opt/gcc-arm-none-eabi/bin/../lib/gcc/arm-none-eabi/4.8.4/../../../../arm-none-eabi/lib/armv7e-m/fpu/libstdc++_s.a(tinfo.o)
                0x0000000008008670                std::type_info::~type_info()
 .text._ZNKSt9type_infoeqERKS_
                0x0000000008008684       0x2e /opt/gcc-arm-none-eabi/bin/../lib/gcc/arm-none-eabi/4.8.4/../../../../arm-none-eabi/lib/armv7e-m/fpu/libstdc++_s.a(tinfo.o)
                0x0000000008008684                std::type_info::operator==(std::type_info const&) const
 .text._ZNKSt9type_info10__do_catchEPKS_PPvj
                0x00000000080086b2        0x4 /opt/gcc-arm-none-eabi/bin/../lib/gcc/arm-none-eabi/4.8.4/../../../../arm-none-eabi/lib/armv7e-m/fpu/libstdc++_s.a(tinfo.o)
                0x00000000080086b2                std::type_info::__do_catch(std::type_info const*, void**, unsigned int) const
 *fill*         0x00000000080086b6        0x2 
 .text._ZN10__cxxabiv121__vmi_class_type_infoD2Ev
                0x00000000080086b8       0x14 /opt/gcc-arm-none-eabi/bin/../lib/gcc/arm-none-eabi/4.8.4/../../../../arm-none-eabi/lib/armv7e-m/fpu/libstdc++_s.a(vmi_class_type_info.o)
                0x00000000080086b8                __cxxabiv1::__vmi_class_type_info::~__vmi_class_type_info()
                0x00000000080086b8                __cxxabiv1::__vmi_class_type_info::~__vmi_class_type_info()
 .text._ZN10__cxxabiv121__vmi_class_type_infoD0Ev
                0x00000000080086cc       0x12 /opt/gcc-arm-none-eabi/bin/../lib/gcc/arm-none-eabi/4.8.4/../../../../arm-none-eabi/lib/armv7e-m/fpu/libstdc++_s.a(vmi_class_type_info.o)
                0x00000000080086cc                __cxxabiv1::__vmi_class_type_info::~__vmi_class_type_info()
 .text._ZNK10__cxxabiv121__vmi_class_type_info20__do_find_public_srcEiPKvPKNS_17__class_type_infoES2_
                0x00000000080086de       0x7a /opt/gcc-arm-none-eabi/bin/../lib/gcc/arm-none-eabi/4.8.4/../../../../arm-none-eabi/lib/armv7e-m/fpu/libstdc++_s.a(vmi_class_type_info.o)
                0x00000000080086de                __cxxabiv1::__vmi_class_type_info::__do_find_public_src(int, void const*, __cxxabiv1::__class_type_info const*, void const*) const
 .text._ZNK10__cxxabiv117__class_type_info17__find_public_srcEiPKvPKS0_S2_
                0x0000000008008758       0x28 /opt/gcc-arm-none-eabi/bin/../lib/gcc/arm-none-eabi/4.8.4/../../../../arm-none-eabi/lib/armv7e-m/fpu/libstdc++_s.a(vmi_class_type_info.o)
                0x0000000008008758                __cxxabiv1::__class_type_info::__find_public_src(int, void const*, __cxxabiv1::__class_type_info const*, void const*) const
 .text._ZNK10__cxxabiv121__vmi_class_type_info12__do_dyncastEiNS_17__class_type_info10__sub_kindEPKS1_PKvS4_S6_RNS1_16__dyncast_resultE
                0x0000000008008780      0x26e /opt/gcc-arm-none-eabi/bin/../lib/gcc/arm-none-eabi/4.8.4/../../../../arm-none-eabi/lib/armv7e-m/fpu/libstdc++_s.a(vmi_class_type_info.o)
                0x0000000008008780                __cxxabiv1::__vmi_class_type_info::__do_dyncast(int, __cxxabiv1::__class_type_info::__sub_kind, __cxxabiv1::__class_type_info const*, void const*, __cxxabiv1::__class_type_info const*, void const*, __cxxabiv1::__class_type_info::__dyncast_result&) const
 .text._ZNK10__cxxabiv121__vmi_class_type_info11__do_upcastEPKNS_17__class_type_infoEPKvRNS1_15__upcast_resultE
                0x00000000080089ee      0x126 /opt/gcc-arm-none-eabi/bin/../lib/gcc/arm-none-eabi/4.8.4/../../../../arm-none-eabi/lib/armv7e-m/fpu/libstdc++_s.a(vmi_class_type_info.o)
                0x00000000080089ee                __cxxabiv1::__vmi_class_type_info::__do_upcast(__cxxabiv1::__class_type_info const*, void const*, __cxxabiv1::__class_type_info::__upcast_result&) const
 .text.__libc_init_array
                0x0000000008008b14       0x4c /opt/gcc-arm-none-eabi/bin/../lib/gcc/arm-none-eabi/4.8.4/../../../../arm-none-eabi/lib/armv7e-m/fpu/libc_s.a(lib_a-init.o)
                0x0000000008008b14                __libc_init_array
 .text.free     0x0000000008008b60       0x10 /opt/gcc-arm-none-eabi/bin/../lib/gcc/arm-none-eabi/4.8.4/../../../../arm-none-eabi/lib/armv7e-m/fpu/libc_s.a(lib_a-malloc.o)
                0x0000000008008b60                free
 .text.memchr   0x0000000008008b70       0x1e /opt/gcc-arm-none-eabi/bin/../lib/gcc/arm-none-eabi/4.8.4/../../../../arm-none-eabi/lib/armv7e-m/fpu/libc_s.a(lib_a-memchr-stub.o)
                0x0000000008008b70                memchr
 .text.memset   0x0000000008008b8e       0x10 /opt/gcc-arm-none-eabi/bin/../lib/gcc/arm-none-eabi/4.8.4/../../../../arm-none-eabi/lib/armv7e-m/fpu/libc_s.a(lib_a-memset.o)
                0x0000000008008b8e                memset
 *fill*         0x0000000008008b9e        0x2 
 .text._free_r  0x0000000008008ba0       0x88 /opt/gcc-arm-none-eabi/bin/../lib/gcc/arm-none-eabi/4.8.4/../../../../arm-none-eabi/lib/armv7e-m/fpu/libc_s.a(lib_a-nano-freer.o)
                0x0000000008008ba0                _free_r
 .text._malloc_r
                0x0000000008008c28       0xa8 /opt/gcc-arm-none-eabi/bin/../lib/gcc/arm-none-eabi/4.8.4/../../../../arm-none-eabi/lib/armv7e-m/fpu/libc_s.a(lib_a-nano-mallocr.o)
                0x0000000008008c28                _malloc_r
 .text._sbrk_r  0x0000000008008cd0       0x20 /opt/gcc-arm-none-eabi/bin/../lib/gcc/arm-none-eabi/4.8.4/../../../../arm-none-eabi/lib/armv7e-m/fpu/libc_s.a(lib_a-sbrkr.o)
                0x0000000008008cd0                _sbrk_r
 .text.strlen   0x0000000008008cf0       0x10 /opt/gcc-arm-none-eabi/bin/../lib/gcc/arm-none-eabi/4.8.4/../../../../arm-none-eabi/lib/armv7e-m/fpu/libc_s.a(lib_a-strlen.o)
                0x0000000008008cf0                strlen
 .text._printf_common
                0x0000000008008d00       0xe4 /opt/gcc-arm-none-eabi/bin/../lib/gcc/arm-none-eabi/4.8.4/../../../../arm-none-eabi/lib/armv7e-m/fpu/libc_s.a(lib_a-vfprintf_i.o)
                0x0000000008008d00                _printf_common
 .text._printf_i
                0x0000000008008de4      0x228 /opt/gcc-arm-none-eabi/bin/../lib/gcc/arm-none-eabi/4.8.4/../../../../arm-none-eabi/lib/armv7e-m/fpu/libc_s.a(lib_a-vfprintf_i.o)
                0x0000000008008de4                _printf_i
 .text.__swbuf_r
                0x000000000800900c       0xa8 /opt/gcc-arm-none-eabi/bin/../lib/gcc/arm-none-eabi/4.8.4/../../../../arm-none-eabi/lib/armv7e-m/fpu/libc_s.a(lib_a-wbuf.o)
                0x000000000800900c                __swbuf_r
 .text._write_r
                0x00000000080090b4       0x24 /opt/gcc-arm-none-eabi/bin/../lib/gcc/arm-none-eabi/4.8.4/../../../../arm-none-eabi/lib/armv7e-m/fpu/libc_s.a(lib_a-writer.o)
                0x00000000080090b4                _write_r
 .text.__swsetup_r
                0x00000000080090d8       0xdc /opt/gcc-arm-none-eabi/bin/../lib/gcc/arm-none-eabi/4.8.4/../../../../arm-none-eabi/lib/armv7e-m/fpu/libc_s.a(lib_a-wsetup.o)
                0x00000000080090d8                __swsetup_r
 .text.__sflush_r
                0x00000000080091b4      0x106 /opt/gcc-arm-none-eabi/bin/../lib/gcc/arm-none-eabi/4.8.4/../../../../arm-none-eabi/lib/armv7e-m/fpu/libc_s.a(lib_a-fflush.o)
                0x00000000080091b4                __sflush_r
 *fill*         0x00000000080092ba        0x2 
 .text._fflush_r
                0x00000000080092bc       0x54 /opt/gcc-arm-none-eabi/bin/../lib/gcc/arm-none-eabi/4.8.4/../../../../arm-none-eabi/lib/armv7e-m/fpu/libc_s.a(lib_a-fflush.o)
                0x00000000080092bc                _fflush_r
 .text._cleanup_r
                0x0000000008009310       0x32 /opt/gcc-arm-none-eabi/bin/../lib/gcc/arm-none-eabi/4.8.4/../../../../arm-none-eabi/lib/armv7e-m/fpu/libc_s.a(lib_a-findfp.o)
                0x0000000008009310                _cleanup_r
 *fill*         0x0000000008009342        0x2 
 .text.std.isra.0
                0x0000000008009344       0x48 /opt/gcc-arm-none-eabi/bin/../lib/gcc/arm-none-eabi/4.8.4/../../../../arm-none-eabi/lib/armv7e-m/fpu/libc_s.a(lib_a-findfp.o)
 .text.__sfmoreglue
                0x000000000800938c       0x2c /opt/gcc-arm-none-eabi/bin/../lib/gcc/arm-none-eabi/4.8.4/../../../../arm-none-eabi/lib/armv7e-m/fpu/libc_s.a(lib_a-findfp.o)
                0x000000000800938c                __sfmoreglue
 .text.__sinit  0x00000000080093b8       0x60 /opt/gcc-arm-none-eabi/bin/../lib/gcc/arm-none-eabi/4.8.4/../../../../arm-none-eabi/lib/armv7e-m/fpu/libc_s.a(lib_a-findfp.o)
                0x00000000080093b8                __sinit
 .text.__sfp    0x0000000008009418       0x74 /opt/gcc-arm-none-eabi/bin/../lib/gcc/arm-none-eabi/4.8.4/../../../../arm-none-eabi/lib/armv7e-m/fpu/libc_s.a(lib_a-findfp.o)
                0x0000000008009418                __sfp
 .text.__smakebuf_r
                0x000000000800948c       0x9c /opt/gcc-arm-none-eabi/bin/../lib/gcc/arm-none-eabi/4.8.4/../../../../arm-none-eabi/lib/armv7e-m/fpu/libc_s.a(lib_a-makebuf.o)
                0x000000000800948c                __smakebuf_r
 .text.__sread  0x0000000008009528       0x22 /opt/gcc-arm-none-eabi/bin/../lib/gcc/arm-none-eabi/4.8.4/../../../../arm-none-eabi/lib/armv7e-m/fpu/libc_s.a(lib_a-stdio.o)
                0x0000000008009528                __sread
 .text.__swrite
                0x000000000800954a       0x38 /opt/gcc-arm-none-eabi/bin/../lib/gcc/arm-none-eabi/4.8.4/../../../../arm-none-eabi/lib/armv7e-m/fpu/libc_s.a(lib_a-stdio.o)
                0x000000000800954a                __swrite
 .text.__sseek  0x0000000008009582       0x24 /opt/gcc-arm-none-eabi/bin/../lib/gcc/arm-none-eabi/4.8.4/../../../../arm-none-eabi/lib/armv7e-m/fpu/libc_s.a(lib_a-stdio.o)
                0x0000000008009582                __sseek
 .text.__sclose
                0x00000000080095a6        0x8 /opt/gcc-arm-none-eabi/bin/../lib/gcc/arm-none-eabi/4.8.4/../../../../arm-none-eabi/lib/armv7e-m/fpu/libc_s.a(lib_a-stdio.o)
                0x00000000080095a6                __sclose
 *fill*         0x00000000080095ae        0x2 
 .text._close_r
                0x00000000080095b0       0x20 /opt/gcc-arm-none-eabi/bin/../lib/gcc/arm-none-eabi/4.8.4/../../../../arm-none-eabi/lib/armv7e-m/fpu/libc_s.a(lib_a-closer.o)
                0x00000000080095b0                _close_r
 .text._fstat_r
                0x00000000080095d0       0x24 /opt/gcc-arm-none-eabi/bin/../lib/gcc/arm-none-eabi/4.8.4/../../../../arm-none-eabi/lib/armv7e-m/fpu/libc_s.a(lib_a-fstatr.o)
                0x00000000080095d0                _fstat_r
 .text._isatty_r
                0x00000000080095f4       0x20 /opt/gcc-arm-none-eabi/bin/../lib/gcc/arm-none-eabi/4.8.4/../../../../arm-none-eabi/lib/armv7e-m/fpu/libc_s.a(lib_a-isattyr.o)
                0x00000000080095f4                _isatty_r
 .text._lseek_r
                0x0000000008009614       0x24 /opt/gcc-arm-none-eabi/bin/../lib/gcc/arm-none-eabi/4.8.4/../../../../arm-none-eabi/lib/armv7e-m/fpu/libc_s.a(lib_a-lseekr.o)
                0x0000000008009614                _lseek_r
 .text._read_r  0x0000000008009638       0x24 /opt/gcc-arm-none-eabi/bin/../lib/gcc/arm-none-eabi/4.8.4/../../../../arm-none-eabi/lib/armv7e-m/fpu/libc_s.a(lib_a-readr.o)
                0x0000000008009638                _read_r
 *(.glue_7)
 .glue_7        0x0000000000000000        0x0 linker stubs
 *(.glue_7t)
 .glue_7t       0x0000000000000000        0x0 linker stubs
 *(.eh_frame)
 .eh_frame      0x000000000800965c        0x0 /opt/gcc-arm-none-eabi/bin/../lib/gcc/arm-none-eabi/4.8.4/armv7e-m/fpu/crtbegin.o
 *(.init)
 .init          0x000000000800965c        0x4 /opt/gcc-arm-none-eabi/bin/../lib/gcc/arm-none-eabi/4.8.4/armv7e-m/fpu/crti.o
                0x000000000800965c                _init
 .init          0x0000000008009660        0x8 /opt/gcc-arm-none-eabi/bin/../lib/gcc/arm-none-eabi/4.8.4/armv7e-m/fpu/crtn.o
 *(.fini)
 .fini          0x0000000008009668        0x4 /opt/gcc-arm-none-eabi/bin/../lib/gcc/arm-none-eabi/4.8.4/armv7e-m/fpu/crti.o
                0x0000000008009668                _fini
 .fini          0x000000000800966c        0x8 /opt/gcc-arm-none-eabi/bin/../lib/gcc/arm-none-eabi/4.8.4/armv7e-m/fpu/crtn.o
                0x0000000008009674                . = ALIGN (0x4)
                0x0000000008009674                _etext = .

.vfp11_veneer   0x0000000008009674        0x0
 .vfp11_veneer  0x0000000000000000        0x0 linker stubs

.v4_bx          0x0000000008009674        0x0
 .v4_bx         0x0000000000000000        0x0 linker stubs

.iplt           0x0000000008009674        0x0
 .iplt          0x0000000000000000        0x0 /opt/gcc-arm-none-eabi/bin/../lib/gcc/arm-none-eabi/4.8.4/armv7e-m/fpu/crtbegin.o

.rodata         0x0000000008009678      0x46c
                0x0000000008009678                . = ALIGN (0x4)
 *(.rodata)
 *(.rodata*)
 .rodata.str1.4
                0x0000000008009678       0x11 /var/folders/6z/zf6542f50qq46_8mk1tr8k8mvzxrrm/T//ccC6wcxY.ltrans2.ltrans.o
                                         0x14 (size before relaxing)
 *fill*         0x0000000008009689        0x3 
 .rodata.GPIO_PIN
                0x000000000800968c        0x8 /var/folders/6z/zf6542f50qq46_8mk1tr8k8mvzxrrm/T//ccC6wcxY.ltrans5.ltrans.o
                0x000000000800968c                GPIO_PIN
 .rodata.str1.4
                0x0000000008009694       0x90 /var/folders/6z/zf6542f50qq46_8mk1tr8k8mvzxrrm/T//ccC6wcxY.ltrans5.ltrans.o
 .rodata.APBAHBPrescTable
                0x0000000008009724       0x10 /var/folders/6z/zf6542f50qq46_8mk1tr8k8mvzxrrm/T//ccC6wcxY.ltrans7.ltrans.o
                0x0000000008009724                APBAHBPrescTable
 .rodata.str1.4
                0x0000000008009734       0x46 /var/folders/6z/zf6542f50qq46_8mk1tr8k8mvzxrrm/T//ccC6wcxY.ltrans7.ltrans.o
                                         0x48 (size before relaxing)
 *fill*         0x000000000800977a        0x2 
 .rodata.CSWTCH.22.11706.11706.4238
                0x000000000800977c       0x64 /var/folders/6z/zf6542f50qq46_8mk1tr8k8mvzxrrm/T//ccC6wcxY.ltrans9.ltrans.o
 .rodata.str1.4
                0x00000000080097e0       0x40 /var/folders/6z/zf6542f50qq46_8mk1tr8k8mvzxrrm/T//ccC6wcxY.ltrans12.ltrans.o
 .rodata._ZTVN7Synthia15PulseOscillatorE.4279
                0x0000000008009820       0x18 /var/folders/6z/zf6542f50qq46_8mk1tr8k8mvzxrrm/T//ccC6wcxY.ltrans17.ltrans.o
 .rodata._ZTIN7Synthia15PulseOscillatorE.4288
                0x0000000008009838       0x18 /var/folders/6z/zf6542f50qq46_8mk1tr8k8mvzxrrm/T//ccC6wcxY.ltrans17.ltrans.o
 .rodata._ZTSN7Synthia9GeneratorE.local.2.4263
                0x0000000008009850       0x18 /var/folders/6z/zf6542f50qq46_8mk1tr8k8mvzxrrm/T//ccC6wcxY.ltrans17.ltrans.o
 .rodata._ZTIN7Synthia16PitchedGeneratorE.local.1.4273
                0x0000000008009868        0xc /var/folders/6z/zf6542f50qq46_8mk1tr8k8mvzxrrm/T//ccC6wcxY.ltrans17.ltrans.o
 .rodata._ZTIN7Synthia9GeneratorE.local.3.4259
                0x0000000008009874        0xc /var/folders/6z/zf6542f50qq46_8mk1tr8k8mvzxrrm/T//ccC6wcxY.ltrans17.ltrans.o
 .rodata._ZTSN7Synthia15PulseOscillatorE.4296
                0x0000000008009880       0x1c /var/folders/6z/zf6542f50qq46_8mk1tr8k8mvzxrrm/T//ccC6wcxY.ltrans17.ltrans.o
 .rodata._ZTIN7Synthia7SObjectE.local.5.4266
                0x000000000800989c        0x8 /var/folders/6z/zf6542f50qq46_8mk1tr8k8mvzxrrm/T//ccC6wcxY.ltrans17.ltrans.o
 .rodata._ZTSN7Synthia7SObjectE.local.4.4269
                0x00000000080098a4       0x14 /var/folders/6z/zf6542f50qq46_8mk1tr8k8mvzxrrm/T//ccC6wcxY.ltrans17.ltrans.o
 .rodata._ZTSN7Synthia16PitchedGeneratorE.local.0.4274
                0x00000000080098b8       0x20 /var/folders/6z/zf6542f50qq46_8mk1tr8k8mvzxrrm/T//ccC6wcxY.ltrans17.ltrans.o
 .rodata.str1.1
                0x00000000080098d8       0x11 /opt/gcc-arm-none-eabi/bin/../lib/gcc/arm-none-eabi/4.8.4/../../../../arm-none-eabi/lib/armv7e-m/fpu/libc_s.a(lib_a-vfprintf.o)
 *fill*         0x00000000080098e9        0x7 
 .rodata._ZTVN10__cxxabiv117__class_type_infoE
                0x00000000080098f0       0x30 /opt/gcc-arm-none-eabi/bin/../lib/gcc/arm-none-eabi/4.8.4/../../../../arm-none-eabi/lib/armv7e-m/fpu/libstdc++_s.a(class_type_info.o)
                0x00000000080098f0                vtable for __cxxabiv1::__class_type_info
 .rodata._ZTIN10__cxxabiv117__class_type_infoE
                0x0000000008009920        0xc /opt/gcc-arm-none-eabi/bin/../lib/gcc/arm-none-eabi/4.8.4/../../../../arm-none-eabi/lib/armv7e-m/fpu/libstdc++_s.a(class_type_info.o)
                0x0000000008009920                typeinfo for __cxxabiv1::__class_type_info
 .rodata._ZTSN10__cxxabiv117__class_type_infoE
                0x000000000800992c       0x22 /opt/gcc-arm-none-eabi/bin/../lib/gcc/arm-none-eabi/4.8.4/../../../../arm-none-eabi/lib/armv7e-m/fpu/libstdc++_s.a(class_type_info.o)
                0x000000000800992c                typeinfo name for __cxxabiv1::__class_type_info
 *fill*         0x000000000800994e        0x2 
 .rodata._ZTVN10__cxxabiv120__si_class_type_infoE
                0x0000000008009950       0x30 /opt/gcc-arm-none-eabi/bin/../lib/gcc/arm-none-eabi/4.8.4/../../../../arm-none-eabi/lib/armv7e-m/fpu/libstdc++_s.a(si_class_type_info.o)
                0x0000000008009950                vtable for __cxxabiv1::__si_class_type_info
 .rodata._ZTIN10__cxxabiv120__si_class_type_infoE
                0x0000000008009980        0xc /opt/gcc-arm-none-eabi/bin/../lib/gcc/arm-none-eabi/4.8.4/../../../../arm-none-eabi/lib/armv7e-m/fpu/libstdc++_s.a(si_class_type_info.o)
                0x0000000008009980                typeinfo for __cxxabiv1::__si_class_type_info
 .rodata._ZTSN10__cxxabiv120__si_class_type_infoE
                0x000000000800998c       0x25 /opt/gcc-arm-none-eabi/bin/../lib/gcc/arm-none-eabi/4.8.4/../../../../arm-none-eabi/lib/armv7e-m/fpu/libstdc++_s.a(si_class_type_info.o)
                0x000000000800998c                typeinfo name for __cxxabiv1::__si_class_type_info
 *fill*         0x00000000080099b1        0x3 
 .rodata._ZTISt9type_info
                0x00000000080099b4        0x8 /opt/gcc-arm-none-eabi/bin/../lib/gcc/arm-none-eabi/4.8.4/../../../../arm-none-eabi/lib/armv7e-m/fpu/libstdc++_s.a(tinfo.o)
                0x00000000080099b4                typeinfo for std::type_info
 .rodata._ZTSSt9type_info
                0x00000000080099bc        0xd /opt/gcc-arm-none-eabi/bin/../lib/gcc/arm-none-eabi/4.8.4/../../../../arm-none-eabi/lib/armv7e-m/fpu/libstdc++_s.a(tinfo.o)
                0x00000000080099bc                typeinfo name for std::type_info
 *fill*         0x00000000080099c9        0x7 
 .rodata._ZTVSt9type_info
                0x00000000080099d0       0x20 /opt/gcc-arm-none-eabi/bin/../lib/gcc/arm-none-eabi/4.8.4/../../../../arm-none-eabi/lib/armv7e-m/fpu/libstdc++_s.a(tinfo.o)
                0x00000000080099d0                vtable for std::type_info
 .rodata._ZTIN10__cxxabiv121__vmi_class_type_infoE
                0x00000000080099f0        0xc /opt/gcc-arm-none-eabi/bin/../lib/gcc/arm-none-eabi/4.8.4/../../../../arm-none-eabi/lib/armv7e-m/fpu/libstdc++_s.a(vmi_class_type_info.o)
                0x00000000080099f0                typeinfo for __cxxabiv1::__vmi_class_type_info
 .rodata._ZTSN10__cxxabiv121__vmi_class_type_infoE
                0x00000000080099fc       0x26 /opt/gcc-arm-none-eabi/bin/../lib/gcc/arm-none-eabi/4.8.4/../../../../arm-none-eabi/lib/armv7e-m/fpu/libstdc++_s.a(vmi_class_type_info.o)
                0x00000000080099fc                typeinfo name for __cxxabiv1::__vmi_class_type_info
 *fill*         0x0000000008009a22        0x6 
 .rodata._ZTVN10__cxxabiv121__vmi_class_type_infoE
                0x0000000008009a28       0x30 /opt/gcc-arm-none-eabi/bin/../lib/gcc/arm-none-eabi/4.8.4/../../../../arm-none-eabi/lib/armv7e-m/fpu/libstdc++_s.a(vmi_class_type_info.o)
                0x0000000008009a28                vtable for __cxxabiv1::__vmi_class_type_info
 .rodata.str1.1
                0x0000000008009a58        0x2 /opt/gcc-arm-none-eabi/bin/../lib/gcc/arm-none-eabi/4.8.4/../../../../arm-none-eabi/lib/armv7e-m/fpu/libc_s.a(lib_a-impure.o)
 *fill*         0x0000000008009a5a        0x2 
 .rodata._global_impure_ptr
                0x0000000008009a5c        0x4 /opt/gcc-arm-none-eabi/bin/../lib/gcc/arm-none-eabi/4.8.4/../../../../arm-none-eabi/lib/armv7e-m/fpu/libc_s.a(lib_a-impure.o)
                0x0000000008009a5c                _global_impure_ptr
 .rodata.str1.1
                0x0000000008009a60       0x22 /opt/gcc-arm-none-eabi/bin/../lib/gcc/arm-none-eabi/4.8.4/../../../../arm-none-eabi/lib/armv7e-m/fpu/libc_s.a(lib_a-vfprintf_i.o)
 *fill*         0x0000000008009a82        0x2 
 .rodata.__sf_fake_stdin
                0x0000000008009a84       0x20 /opt/gcc-arm-none-eabi/bin/../lib/gcc/arm-none-eabi/4.8.4/../../../../arm-none-eabi/lib/armv7e-m/fpu/libc_s.a(lib_a-findfp.o)
                0x0000000008009a84                __sf_fake_stdin
 .rodata.__sf_fake_stdout
                0x0000000008009aa4       0x20 /opt/gcc-arm-none-eabi/bin/../lib/gcc/arm-none-eabi/4.8.4/../../../../arm-none-eabi/lib/armv7e-m/fpu/libc_s.a(lib_a-findfp.o)
                0x0000000008009aa4                __sf_fake_stdout
 .rodata.__sf_fake_stderr
                0x0000000008009ac4       0x20 /opt/gcc-arm-none-eabi/bin/../lib/gcc/arm-none-eabi/4.8.4/../../../../arm-none-eabi/lib/armv7e-m/fpu/libc_s.a(lib_a-findfp.o)
                0x0000000008009ac4                __sf_fake_stderr
                0x0000000008009ae4                . = ALIGN (0x4)

.rel.dyn        0x0000000008009ae4        0x0
 .rel.iplt      0x0000000000000000        0x0 /opt/gcc-arm-none-eabi/bin/../lib/gcc/arm-none-eabi/4.8.4/armv7e-m/fpu/crtbegin.o

.ARM.extab
 *(.ARM.extab* .gnu.linkonce.armextab.*)

.ARM            0x0000000008009ae4        0x0
                0x0000000008009ae4                __exidx_start = .
 *(.ARM.exidx*)
                0x0000000008009ae4                __exidx_end = .

.preinit_array  0x0000000008009ae4        0x0
                0x0000000008009ae4                PROVIDE (__preinit_array_start, .)
 *(.preinit_array*)
                0x0000000008009ae4                PROVIDE (__preinit_array_end, .)

.init_array     0x0000000008009ae4        0x8
                0x0000000008009ae4                PROVIDE (__init_array_start, .)
 *(SORT(.init_array.*))
 *(.init_array*)
 .init_array    0x0000000008009ae4        0x4 /opt/gcc-arm-none-eabi/bin/../lib/gcc/arm-none-eabi/4.8.4/armv7e-m/fpu/crtbegin.o
 .init_array    0x0000000008009ae8        0x4 /var/folders/6z/zf6542f50qq46_8mk1tr8k8mvzxrrm/T//ccC6wcxY.ltrans17.ltrans.o
                0x0000000008009aec                PROVIDE (__init_array_end, .)

.fini_array     0x0000000008009aec        0x4
                0x0000000008009aec                PROVIDE (__fini_array_start, .)
 *(SORT(.fini_array.*))
 *(.fini_array*)
 .fini_array    0x0000000008009aec        0x4 /opt/gcc-arm-none-eabi/bin/../lib/gcc/arm-none-eabi/4.8.4/armv7e-m/fpu/crtbegin.o
                0x0000000008009af0                PROVIDE (__fini_array_end, .)
                0x0000000008009af0                _sidata = LOADADDR (.data)

.data           0x0000000020000000      0x1e0 load address 0x0000000008009af0
                0x0000000020000000                . = ALIGN (0x4)
                0x0000000020000000                _sdata = .
 *(.data)
 *(.data*)
 .data.MIDI_Desc
                0x0000000020000000       0x1c /var/folders/6z/zf6542f50qq46_8mk1tr8k8mvzxrrm/T//ccC6wcxY.ltrans0.ltrans.o
 .data.Lis302dlDrv
                0x000000002000001c       0x2c /var/folders/6z/zf6542f50qq46_8mk1tr8k8mvzxrrm/T//ccC6wcxY.ltrans0.ltrans.o
 .data.cs43l22_drv
                0x0000000020000048       0x2c /var/folders/6z/zf6542f50qq46_8mk1tr8k8mvzxrrm/T//ccC6wcxY.ltrans0.ltrans.o
 .data.Lis3dshDrv
                0x0000000020000074       0x2c /var/folders/6z/zf6542f50qq46_8mk1tr8k8mvzxrrm/T//ccC6wcxY.ltrans0.ltrans.o
 .data.USBD_MIDI_ClassDriver
                0x00000000200000a0       0x38 /var/folders/6z/zf6542f50qq46_8mk1tr8k8mvzxrrm/T//ccC6wcxY.ltrans0.ltrans.o
 .data.USBD_MIDI_DeviceQualifierDesc.5717.4235
                0x00000000200000d8        0xc /var/folders/6z/zf6542f50qq46_8mk1tr8k8mvzxrrm/T//ccC6wcxY.ltrans2.ltrans.o
 .data.USBD_MIDI_CfgDesc.5716.4236
                0x00000000200000e4       0x68 /var/folders/6z/zf6542f50qq46_8mk1tr8k8mvzxrrm/T//ccC6wcxY.ltrans2.ltrans.o
 .data.hUSBDDeviceDesc.4238
                0x000000002000014c       0x14 /var/folders/6z/zf6542f50qq46_8mk1tr8k8mvzxrrm/T//ccC6wcxY.ltrans2.ltrans.o
 .data.USBD_LangIDDesc.4237
                0x0000000020000160        0x4 /var/folders/6z/zf6542f50qq46_8mk1tr8k8mvzxrrm/T//ccC6wcxY.ltrans2.ltrans.o
 .data.GPIO_PORT
                0x0000000020000164       0x10 /var/folders/6z/zf6542f50qq46_8mk1tr8k8mvzxrrm/T//ccC6wcxY.ltrans5.ltrans.o
                0x0000000020000164                GPIO_PORT
 .data.SystemCoreClock
                0x0000000020000174        0x4 /var/folders/6z/zf6542f50qq46_8mk1tr8k8mvzxrrm/T//ccC6wcxY.ltrans7.ltrans.o
                0x0000000020000174                SystemCoreClock
 .data.Is_cs43l22_Stop.11631.4178
                0x0000000020000178        0x1 /var/folders/6z/zf6542f50qq46_8mk1tr8k8mvzxrrm/T//ccC6wcxY.ltrans8.ltrans.o
 *fill*         0x0000000020000179        0x3 
 .data.impure_data
                0x000000002000017c       0x60 /opt/gcc-arm-none-eabi/bin/../lib/gcc/arm-none-eabi/4.8.4/../../../../arm-none-eabi/lib/armv7e-m/fpu/libc_s.a(lib_a-impure.o)
 .data._impure_ptr
                0x00000000200001dc        0x4 /opt/gcc-arm-none-eabi/bin/../lib/gcc/arm-none-eabi/4.8.4/../../../../arm-none-eabi/lib/armv7e-m/fpu/libc_s.a(lib_a-impure.o)
                0x00000000200001dc                _impure_ptr
                0x00000000200001e0                . = ALIGN (0x4)
                0x00000000200001e0                _edata = .
                0x0000000008009cd0                _siccmram = LOADADDR (.ccmram)

.jcr            0x00000000200001e0        0x0 load address 0x0000000008009cd0
 .jcr           0x00000000200001e0        0x0 /opt/gcc-arm-none-eabi/bin/../lib/gcc/arm-none-eabi/4.8.4/armv7e-m/fpu/crtbegin.o

.igot.plt       0x00000000200001e0        0x0 load address 0x0000000008009cd0
 .igot.plt      0x0000000000000000        0x0 /opt/gcc-arm-none-eabi/bin/../lib/gcc/arm-none-eabi/4.8.4/armv7e-m/fpu/crtbegin.o

.ccmram         0x0000000010000000        0x0 load address 0x0000000008009cd0
                0x0000000010000000                . = ALIGN (0x4)
                0x0000000010000000                _sccmram = .
 *(.ccmram)
 *(.ccmram*)
                0x0000000010000000                . = ALIGN (0x4)
                0x0000000010000000                _eccmram = .
                0x0000000010000000                . = ALIGN (0x4)

.bss            0x00000000200001e0     0x19c8
                0x00000000200001e0                _sbss = .
                0x00000000200001e0                __bss_start__ = _sbss
 *(.bss)
 .bss           0x00000000200001e0       0x1c /opt/gcc-arm-none-eabi/bin/../lib/gcc/arm-none-eabi/4.8.4/armv7e-m/fpu/crtbegin.o
 *(.bss*)
 .bss.AcceleroDrv.12103.4977
                0x00000000200001fc        0x4 /var/folders/6z/zf6542f50qq46_8mk1tr8k8mvzxrrm/T//ccC6wcxY.ltrans0.ltrans.o
 .bss.audiobuff
                0x0000000020000200     0x1000 /var/folders/6z/zf6542f50qq46_8mk1tr8k8mvzxrrm/T//ccC6wcxY.ltrans0.ltrans.o
                0x0000000020000200                audiobuff
 .bss.hdma_i2sTx.7416.12364.5008
                0x0000000020001200       0x50 /var/folders/6z/zf6542f50qq46_8mk1tr8k8mvzxrrm/T//ccC6wcxY.ltrans0.ltrans.o
 .bss.pAudioDrv.12385.4991
                0x0000000020001250        0x4 /var/folders/6z/zf6542f50qq46_8mk1tr8k8mvzxrrm/T//ccC6wcxY.ltrans0.ltrans.o
 .bss.hUSBDDevice.5009
                0x0000000020001254      0x224 /var/folders/6z/zf6542f50qq46_8mk1tr8k8mvzxrrm/T//ccC6wcxY.ltrans0.ltrans.o
 .bss.filt1     0x0000000020001478       0x3c /var/folders/6z/zf6542f50qq46_8mk1tr8k8mvzxrrm/T//ccC6wcxY.ltrans0.ltrans.o
                0x0000000020001478                filt1
 .bss.cfgidx.7293.6177.4492
                0x00000000200014b4        0x1 /var/folders/6z/zf6542f50qq46_8mk1tr8k8mvzxrrm/T//ccC6wcxY.ltrans1.ltrans.o
 *fill*         0x00000000200014b5        0x3 
 .bss.hpcd      0x00000000200014b8      0x3b0 /var/folders/6z/zf6542f50qq46_8mk1tr8k8mvzxrrm/T//ccC6wcxY.ltrans1.ltrans.o
                0x00000000200014b8                hpcd
 .bss.OutputDev
                0x0000000020001868        0x1 /var/folders/6z/zf6542f50qq46_8mk1tr8k8mvzxrrm/T//ccC6wcxY.ltrans3.ltrans.o
                0x0000000020001868                OutputDev
 *fill*         0x0000000020001869        0x3 
 .bss.I2cHandle.12033
                0x000000002000186c       0x3c /var/folders/6z/zf6542f50qq46_8mk1tr8k8mvzxrrm/T//ccC6wcxY.ltrans4.ltrans.o
                0x000000002000186c                I2cHandle.12033
 .bss.midiOutBuf.4501
                0x00000000200018a8       0x40 /var/folders/6z/zf6542f50qq46_8mk1tr8k8mvzxrrm/T//ccC6wcxY.ltrans5.ltrans.o
 .bss.SpiHandle.12032
                0x00000000200018e8       0x58 /var/folders/6z/zf6542f50qq46_8mk1tr8k8mvzxrrm/T//ccC6wcxY.ltrans11.ltrans.o
                0x00000000200018e8                SpiHandle.12032
 .bss.USBD_StrDesc
                0x0000000020001940      0x100 /var/folders/6z/zf6542f50qq46_8mk1tr8k8mvzxrrm/T//ccC6wcxY.ltrans12.ltrans.o
                0x0000000020001940                USBD_StrDesc
 .bss.xYieldPending.13086.4125
                0x0000000020001a40        0x4 /var/folders/6z/zf6542f50qq46_8mk1tr8k8mvzxrrm/T//ccC6wcxY.ltrans16.ltrans.o
 .bss.uxSchedulerSuspended.13080.4120
                0x0000000020001a44        0x4 /var/folders/6z/zf6542f50qq46_8mk1tr8k8mvzxrrm/T//ccC6wcxY.ltrans16.ltrans.o
 .bss.pxCurrentTCB
                0x0000000020001a48        0x4 /var/folders/6z/zf6542f50qq46_8mk1tr8k8mvzxrrm/T//ccC6wcxY.ltrans16.ltrans.o
                0x0000000020001a48                pxCurrentTCB
 .bss.uxTopReadyPriority.13078.4128
                0x0000000020001a4c        0x4 /var/folders/6z/zf6542f50qq46_8mk1tr8k8mvzxrrm/T//ccC6wcxY.ltrans16.ltrans.o
 .bss.pxReadyTasksLists.13072.4129
                0x0000000020001a50       0x8c /var/folders/6z/zf6542f50qq46_8mk1tr8k8mvzxrrm/T//ccC6wcxY.ltrans16.ltrans.o
 .bss.osc1      0x0000000020001adc       0x18 /var/folders/6z/zf6542f50qq46_8mk1tr8k8mvzxrrm/T//ccC6wcxY.ltrans17.ltrans.o
                0x0000000020001adc                osc1
 .bss.hAudioOutI2s
                0x0000000020001af4       0x44 /var/folders/6z/zf6542f50qq46_8mk1tr8k8mvzxrrm/T//ccC6wcxY.ltrans17.ltrans.o
                0x0000000020001af4                hAudioOutI2s
 .bss.uwTick.7240
                0x0000000020001b38        0x4 /var/folders/6z/zf6542f50qq46_8mk1tr8k8mvzxrrm/T//ccC6wcxY.ltrans17.ltrans.o
                0x0000000020001b38                uwTick.7240
 .bss.synthContext
                0x0000000020001b3c        0x4 /var/folders/6z/zf6542f50qq46_8mk1tr8k8mvzxrrm/T//ccC6wcxY.ltrans17.ltrans.o
                0x0000000020001b3c                synthContext
 .bss.lfo1      0x0000000020001b40       0x18 /var/folders/6z/zf6542f50qq46_8mk1tr8k8mvzxrrm/T//ccC6wcxY.ltrans17.ltrans.o
                0x0000000020001b40                lfo1
 .bss.UartHandle
                0x0000000020001b58       0x40 /var/folders/6z/zf6542f50qq46_8mk1tr8k8mvzxrrm/T//ccC6wcxY.ltrans17.ltrans.o
                0x0000000020001b58                UartHandle
 .bss.heap_end.8674.4770.4317
                0x0000000020001b98        0x4 /var/folders/6z/zf6542f50qq46_8mk1tr8k8mvzxrrm/T//ccC6wcxY.ltrans17.ltrans.o
 .bss.__malloc_sbrk_start
                0x0000000020001b9c        0x4 /opt/gcc-arm-none-eabi/bin/../lib/gcc/arm-none-eabi/4.8.4/../../../../arm-none-eabi/lib/armv7e-m/fpu/libc_s.a(lib_a-nano-mallocr.o)
                0x0000000020001b9c                __malloc_sbrk_start
 .bss.__malloc_free_list
                0x0000000020001ba0        0x4 /opt/gcc-arm-none-eabi/bin/../lib/gcc/arm-none-eabi/4.8.4/../../../../arm-none-eabi/lib/armv7e-m/fpu/libc_s.a(lib_a-nano-mallocr.o)
                0x0000000020001ba0                __malloc_free_list
 *(COMMON)
 COMMON         0x0000000020001ba4        0x4 /opt/gcc-arm-none-eabi/bin/../lib/gcc/arm-none-eabi/4.8.4/../../../../arm-none-eabi/lib/armv7e-m/fpu/libc_s.a(lib_a-reent.o)
                0x0000000020001ba4                errno
                0x0000000020001ba8                . = ALIGN (0x4)
                0x0000000020001ba8                _ebss = .
                0x0000000020001ba8                __bss_end__ = _ebss

._user_heap_stack
                0x0000000020001ba8      0x400
                0x0000000020001ba8                . = ALIGN (0x4)
                0x0000000020001ba8                PROVIDE (end, .)
                0x0000000020001ba8                PROVIDE (_end, .)
                0x0000000020001ba8                . = (. + _Min_Heap_Size)
                0x0000000020001fa8                . = (. + _Min_Stack_Size)
 *fill*         0x0000000020001ba8      0x400 
                0x0000000020001fa8                . = ALIGN (0x4)

/DISCARD/
 libc.a(*)
 libm.a(*)
 libgcc.a(*)

.ARM.attributes
                0x0000000000000000       0x30
 *(.ARM.attributes)
 .ARM.attributes
                0x0000000000000000       0x22 /opt/gcc-arm-none-eabi/bin/../lib/gcc/arm-none-eabi/4.8.4/armv7e-m/fpu/crti.o
 .ARM.attributes
                0x0000000000000022       0x34 /opt/gcc-arm-none-eabi/bin/../lib/gcc/arm-none-eabi/4.8.4/armv7e-m/fpu/crtbegin.o
 .ARM.attributes
                0x0000000000000056       0x37 /var/folders/6z/zf6542f50qq46_8mk1tr8k8mvzxrrm/T//ccC6wcxY.ltrans0.ltrans.o
 .ARM.attributes
                0x000000000000008d       0x37 /var/folders/6z/zf6542f50qq46_8mk1tr8k8mvzxrrm/T//ccC6wcxY.ltrans1.ltrans.o
 .ARM.attributes
                0x00000000000000c4       0x37 /var/folders/6z/zf6542f50qq46_8mk1tr8k8mvzxrrm/T//ccC6wcxY.ltrans2.ltrans.o
 .ARM.attributes
                0x00000000000000fb       0x37 /var/folders/6z/zf6542f50qq46_8mk1tr8k8mvzxrrm/T//ccC6wcxY.ltrans3.ltrans.o
 .ARM.attributes
                0x0000000000000132       0x37 /var/folders/6z/zf6542f50qq46_8mk1tr8k8mvzxrrm/T//ccC6wcxY.ltrans4.ltrans.o
 .ARM.attributes
                0x0000000000000169       0x37 /var/folders/6z/zf6542f50qq46_8mk1tr8k8mvzxrrm/T//ccC6wcxY.ltrans5.ltrans.o
 .ARM.attributes
                0x00000000000001a0       0x37 /var/folders/6z/zf6542f50qq46_8mk1tr8k8mvzxrrm/T//ccC6wcxY.ltrans6.ltrans.o
 .ARM.attributes
                0x00000000000001d7       0x37 /var/folders/6z/zf6542f50qq46_8mk1tr8k8mvzxrrm/T//ccC6wcxY.ltrans7.ltrans.o
 .ARM.attributes
                0x000000000000020e       0x37 /var/folders/6z/zf6542f50qq46_8mk1tr8k8mvzxrrm/T//ccC6wcxY.ltrans8.ltrans.o
 .ARM.attributes
                0x0000000000000245       0x37 /var/folders/6z/zf6542f50qq46_8mk1tr8k8mvzxrrm/T//ccC6wcxY.ltrans9.ltrans.o
 .ARM.attributes
                0x000000000000027c       0x37 /var/folders/6z/zf6542f50qq46_8mk1tr8k8mvzxrrm/T//ccC6wcxY.ltrans10.ltrans.o
 .ARM.attributes
                0x00000000000002b3       0x37 /var/folders/6z/zf6542f50qq46_8mk1tr8k8mvzxrrm/T//ccC6wcxY.ltrans11.ltrans.o
 .ARM.attributes
                0x00000000000002ea       0x37 /var/folders/6z/zf6542f50qq46_8mk1tr8k8mvzxrrm/T//ccC6wcxY.ltrans12.ltrans.o
 .ARM.attributes
                0x0000000000000321       0x37 /var/folders/6z/zf6542f50qq46_8mk1tr8k8mvzxrrm/T//ccC6wcxY.ltrans13.ltrans.o
 .ARM.attributes
                0x0000000000000358       0x37 /var/folders/6z/zf6542f50qq46_8mk1tr8k8mvzxrrm/T//ccC6wcxY.ltrans14.ltrans.o
 .ARM.attributes
                0x000000000000038f       0x37 /var/folders/6z/zf6542f50qq46_8mk1tr8k8mvzxrrm/T//ccC6wcxY.ltrans15.ltrans.o
 .ARM.attributes
                0x00000000000003c6       0x37 /var/folders/6z/zf6542f50qq46_8mk1tr8k8mvzxrrm/T//ccC6wcxY.ltrans16.ltrans.o
 .ARM.attributes
                0x00000000000003fd       0x37 /var/folders/6z/zf6542f50qq46_8mk1tr8k8mvzxrrm/T//ccC6wcxY.ltrans17.ltrans.o
 .ARM.attributes
                0x0000000000000434       0x37 /var/folders/6z/zf6542f50qq46_8mk1tr8k8mvzxrrm/T//ccC6wcxY.ltrans18.ltrans.o
 .ARM.attributes
                0x000000000000046b       0x34 /opt/gcc-arm-none-eabi/bin/../lib/gcc/arm-none-eabi/4.8.4/../../../../arm-none-eabi/lib/armv7e-m/fpu/libc_s.a(lib_a-printf.o)
 .ARM.attributes
                0x000000000000049f       0x34 /opt/gcc-arm-none-eabi/bin/../lib/gcc/arm-none-eabi/4.8.4/../../../../arm-none-eabi/lib/armv7e-m/fpu/libc_s.a(lib_a-puts.o)
 .ARM.attributes
                0x00000000000004d3       0x34 /opt/gcc-arm-none-eabi/bin/../lib/gcc/arm-none-eabi/4.8.4/../../../../arm-none-eabi/lib/armv7e-m/fpu/libc_s.a(lib_a-vfprintf.o)
 .ARM.attributes
                0x0000000000000507       0x21 CMakeFiles/STMSynth.elf.dir/Drivers/CMSIS/Device/ST/STM32F4xx/Source/Templates/gcc/startup_stm32f407xx.s.obj
 .ARM.attributes
                0x0000000000000528       0x34 /opt/gcc-arm-none-eabi/bin/../lib/gcc/arm-none-eabi/4.8.4/../../../../arm-none-eabi/lib/armv7e-m/fpu/libstdc++_s.a(class_type_info.o)
 .ARM.attributes
                0x000000000000055c       0x34 /opt/gcc-arm-none-eabi/bin/../lib/gcc/arm-none-eabi/4.8.4/../../../../arm-none-eabi/lib/armv7e-m/fpu/libstdc++_s.a(si_class_type_info.o)
 .ARM.attributes
                0x0000000000000590       0x34 /opt/gcc-arm-none-eabi/bin/../lib/gcc/arm-none-eabi/4.8.4/../../../../arm-none-eabi/lib/armv7e-m/fpu/libstdc++_s.a(tinfo.o)
 .ARM.attributes
                0x00000000000005c4       0x34 /opt/gcc-arm-none-eabi/bin/../lib/gcc/arm-none-eabi/4.8.4/../../../../arm-none-eabi/lib/armv7e-m/fpu/libstdc++_s.a(vmi_class_type_info.o)
 .ARM.attributes
                0x00000000000005f8       0x34 /opt/gcc-arm-none-eabi/bin/../lib/gcc/arm-none-eabi/4.8.4/../../../../arm-none-eabi/lib/armv7e-m/fpu/libc_s.a(lib_a-impure.o)
 .ARM.attributes
                0x000000000000062c       0x34 /opt/gcc-arm-none-eabi/bin/../lib/gcc/arm-none-eabi/4.8.4/../../../../arm-none-eabi/lib/armv7e-m/fpu/libc_s.a(lib_a-init.o)
 .ARM.attributes
                0x0000000000000660       0x34 /opt/gcc-arm-none-eabi/bin/../lib/gcc/arm-none-eabi/4.8.4/../../../../arm-none-eabi/lib/armv7e-m/fpu/libc_s.a(lib_a-malloc.o)
 .ARM.attributes
                0x0000000000000694       0x34 /opt/gcc-arm-none-eabi/bin/../lib/gcc/arm-none-eabi/4.8.4/../../../../arm-none-eabi/lib/armv7e-m/fpu/libc_s.a(lib_a-memchr-stub.o)
 .ARM.attributes
                0x00000000000006c8       0x34 /opt/gcc-arm-none-eabi/bin/../lib/gcc/arm-none-eabi/4.8.4/../../../../arm-none-eabi/lib/armv7e-m/fpu/libc_s.a(lib_a-memset.o)
 .ARM.attributes
                0x00000000000006fc       0x34 /opt/gcc-arm-none-eabi/bin/../lib/gcc/arm-none-eabi/4.8.4/../../../../arm-none-eabi/lib/armv7e-m/fpu/libc_s.a(lib_a-nano-freer.o)
 .ARM.attributes
                0x0000000000000730       0x34 /opt/gcc-arm-none-eabi/bin/../lib/gcc/arm-none-eabi/4.8.4/../../../../arm-none-eabi/lib/armv7e-m/fpu/libc_s.a(lib_a-nano-mallocr.o)
 .ARM.attributes
                0x0000000000000764       0x34 /opt/gcc-arm-none-eabi/bin/../lib/gcc/arm-none-eabi/4.8.4/../../../../arm-none-eabi/lib/armv7e-m/fpu/libc_s.a(lib_a-reent.o)
 .ARM.attributes
                0x0000000000000798       0x34 /opt/gcc-arm-none-eabi/bin/../lib/gcc/arm-none-eabi/4.8.4/../../../../arm-none-eabi/lib/armv7e-m/fpu/libc_s.a(lib_a-sbrkr.o)
 .ARM.attributes
                0x00000000000007cc       0x20 /opt/gcc-arm-none-eabi/bin/../lib/gcc/arm-none-eabi/4.8.4/../../../../arm-none-eabi/lib/armv7e-m/fpu/libc_s.a(lib_a-strcmp.o)
 .ARM.attributes
                0x00000000000007ec       0x34 /opt/gcc-arm-none-eabi/bin/../lib/gcc/arm-none-eabi/4.8.4/../../../../arm-none-eabi/lib/armv7e-m/fpu/libc_s.a(lib_a-strlen.o)
 .ARM.attributes
                0x0000000000000820       0x34 /opt/gcc-arm-none-eabi/bin/../lib/gcc/arm-none-eabi/4.8.4/../../../../arm-none-eabi/lib/armv7e-m/fpu/libc_s.a(lib_a-vfprintf_i.o)
 .ARM.attributes
                0x0000000000000854       0x34 /opt/gcc-arm-none-eabi/bin/../lib/gcc/arm-none-eabi/4.8.4/../../../../arm-none-eabi/lib/armv7e-m/fpu/libc_s.a(lib_a-wbuf.o)
 .ARM.attributes
                0x0000000000000888       0x34 /opt/gcc-arm-none-eabi/bin/../lib/gcc/arm-none-eabi/4.8.4/../../../../arm-none-eabi/lib/armv7e-m/fpu/libc_s.a(lib_a-writer.o)
 .ARM.attributes
                0x00000000000008bc       0x34 /opt/gcc-arm-none-eabi/bin/../lib/gcc/arm-none-eabi/4.8.4/../../../../arm-none-eabi/lib/armv7e-m/fpu/libc_s.a(lib_a-wsetup.o)
 .ARM.attributes
                0x00000000000008f0       0x34 /opt/gcc-arm-none-eabi/bin/../lib/gcc/arm-none-eabi/4.8.4/../../../../arm-none-eabi/lib/armv7e-m/fpu/libc_s.a(lib_a-fflush.o)
 .ARM.attributes
                0x0000000000000924       0x34 /opt/gcc-arm-none-eabi/bin/../lib/gcc/arm-none-eabi/4.8.4/../../../../arm-none-eabi/lib/armv7e-m/fpu/libc_s.a(lib_a-findfp.o)
 .ARM.attributes
                0x0000000000000958       0x34 /opt/gcc-arm-none-eabi/bin/../lib/gcc/arm-none-eabi/4.8.4/../../../../arm-none-eabi/lib/armv7e-m/fpu/libc_s.a(lib_a-makebuf.o)
 .ARM.attributes
                0x000000000000098c       0x34 /opt/gcc-arm-none-eabi/bin/../lib/gcc/arm-none-eabi/4.8.4/../../../../arm-none-eabi/lib/armv7e-m/fpu/libc_s.a(lib_a-stdio.o)
 .ARM.attributes
                0x00000000000009c0       0x34 /opt/gcc-arm-none-eabi/bin/../lib/gcc/arm-none-eabi/4.8.4/../../../../arm-none-eabi/lib/armv7e-m/fpu/libc_s.a(lib_a-closer.o)
 .ARM.attributes
                0x00000000000009f4       0x34 /opt/gcc-arm-none-eabi/bin/../lib/gcc/arm-none-eabi/4.8.4/../../../../arm-none-eabi/lib/armv7e-m/fpu/libc_s.a(lib_a-fstatr.o)
 .ARM.attributes
                0x0000000000000a28       0x34 /opt/gcc-arm-none-eabi/bin/../lib/gcc/arm-none-eabi/4.8.4/../../../../arm-none-eabi/lib/armv7e-m/fpu/libc_s.a(lib_a-isattyr.o)
 .ARM.attributes
                0x0000000000000a5c       0x34 /opt/gcc-arm-none-eabi/bin/../lib/gcc/arm-none-eabi/4.8.4/../../../../arm-none-eabi/lib/armv7e-m/fpu/libc_s.a(lib_a-lseekr.o)
 .ARM.attributes
                0x0000000000000a90       0x34 /opt/gcc-arm-none-eabi/bin/../lib/gcc/arm-none-eabi/4.8.4/../../../../arm-none-eabi/lib/armv7e-m/fpu/libc_s.a(lib_a-readr.o)
 .ARM.attributes
                0x0000000000000ac4       0x22 /opt/gcc-arm-none-eabi/bin/../lib/gcc/arm-none-eabi/4.8.4/armv7e-m/fpu/crtn.o
OUTPUT(STMSynth.elf elf32-littlearm)

.comment        0x0000000000000000       0x70
 .comment       0x0000000000000000       0x70 /var/folders/6z/zf6542f50qq46_8mk1tr8k8mvzxrrm/T//ccC6wcxY.ltrans0.ltrans.o
                                         0x71 (size before relaxing)
 .comment       0x0000000000000000       0x71 /var/folders/6z/zf6542f50qq46_8mk1tr8k8mvzxrrm/T//ccC6wcxY.ltrans1.ltrans.o
 .comment       0x0000000000000000       0x71 /var/folders/6z/zf6542f50qq46_8mk1tr8k8mvzxrrm/T//ccC6wcxY.ltrans2.ltrans.o
 .comment       0x0000000000000000       0x71 /var/folders/6z/zf6542f50qq46_8mk1tr8k8mvzxrrm/T//ccC6wcxY.ltrans3.ltrans.o
 .comment       0x0000000000000000       0x71 /var/folders/6z/zf6542f50qq46_8mk1tr8k8mvzxrrm/T//ccC6wcxY.ltrans4.ltrans.o
 .comment       0x0000000000000000       0x71 /var/folders/6z/zf6542f50qq46_8mk1tr8k8mvzxrrm/T//ccC6wcxY.ltrans5.ltrans.o
 .comment       0x0000000000000000       0x71 /var/folders/6z/zf6542f50qq46_8mk1tr8k8mvzxrrm/T//ccC6wcxY.ltrans6.ltrans.o